Archive member included to satisfy reference by file (symbol)

c:/st/stm32cubeide_1.6.1/stm32cubeide/plugins/com.st.stm32cube.ide.mcu.externaltools.gnu-tools-for-stm32.9-2020-q2-update.win32_1.5.0.202011040924/tools/bin/../lib/gcc/arm-none-eabi/9.3.1/../../../../arm-none-eabi/lib/thumb/v7e-m+fp/hard\libc_nano.a(lib_a-errno.o)
                              Core/Src/retarget.o (__errno)
c:/st/stm32cubeide_1.6.1/stm32cubeide/plugins/com.st.stm32cube.ide.mcu.externaltools.gnu-tools-for-stm32.9-2020-q2-update.win32_1.5.0.202011040924/tools/bin/../lib/gcc/arm-none-eabi/9.3.1/../../../../arm-none-eabi/lib/thumb/v7e-m+fp/hard\libc_nano.a(lib_a-exit.o)
                              c:/st/stm32cubeide_1.6.1/stm32cubeide/plugins/com.st.stm32cube.ide.mcu.externaltools.gnu-tools-for-stm32.9-2020-q2-update.win32_1.5.0.202011040924/tools/bin/../lib/gcc/arm-none-eabi/9.3.1/../../../../arm-none-eabi/lib/thumb/v7e-m+fp/hard/crt0.o (exit)
c:/st/stm32cubeide_1.6.1/stm32cubeide/plugins/com.st.stm32cube.ide.mcu.externaltools.gnu-tools-for-stm32.9-2020-q2-update.win32_1.5.0.202011040924/tools/bin/../lib/gcc/arm-none-eabi/9.3.1/../../../../arm-none-eabi/lib/thumb/v7e-m+fp/hard\libc_nano.a(lib_a-impure.o)
                              c:/st/stm32cubeide_1.6.1/stm32cubeide/plugins/com.st.stm32cube.ide.mcu.externaltools.gnu-tools-for-stm32.9-2020-q2-update.win32_1.5.0.202011040924/tools/bin/../lib/gcc/arm-none-eabi/9.3.1/../../../../arm-none-eabi/lib/thumb/v7e-m+fp/hard\libc_nano.a(lib_a-exit.o) (_global_impure_ptr)
c:/st/stm32cubeide_1.6.1/stm32cubeide/plugins/com.st.stm32cube.ide.mcu.externaltools.gnu-tools-for-stm32.9-2020-q2-update.win32_1.5.0.202011040924/tools/bin/../lib/gcc/arm-none-eabi/9.3.1/../../../../arm-none-eabi/lib/thumb/v7e-m+fp/hard\libc_nano.a(lib_a-init.o)
                              c:/st/stm32cubeide_1.6.1/stm32cubeide/plugins/com.st.stm32cube.ide.mcu.externaltools.gnu-tools-for-stm32.9-2020-q2-update.win32_1.5.0.202011040924/tools/bin/../lib/gcc/arm-none-eabi/9.3.1/../../../../arm-none-eabi/lib/thumb/v7e-m+fp/hard/crt0.o (__libc_init_array)
c:/st/stm32cubeide_1.6.1/stm32cubeide/plugins/com.st.stm32cube.ide.mcu.externaltools.gnu-tools-for-stm32.9-2020-q2-update.win32_1.5.0.202011040924/tools/bin/../lib/gcc/arm-none-eabi/9.3.1/../../../../arm-none-eabi/lib/thumb/v7e-m+fp/hard\libc_nano.a(lib_a-memcpy-stub.o)
                              Middlewares/Third_Party/FreeRTOS/Source/CMSIS_RTOS_V2/cmsis_os2.o (memcpy)
c:/st/stm32cubeide_1.6.1/stm32cubeide/plugins/com.st.stm32cube.ide.mcu.externaltools.gnu-tools-for-stm32.9-2020-q2-update.win32_1.5.0.202011040924/tools/bin/../lib/gcc/arm-none-eabi/9.3.1/../../../../arm-none-eabi/lib/thumb/v7e-m+fp/hard\libc_nano.a(lib_a-memset.o)
                              c:/st/stm32cubeide_1.6.1/stm32cubeide/plugins/com.st.stm32cube.ide.mcu.externaltools.gnu-tools-for-stm32.9-2020-q2-update.win32_1.5.0.202011040924/tools/bin/../lib/gcc/arm-none-eabi/9.3.1/../../../../arm-none-eabi/lib/thumb/v7e-m+fp/hard/crt0.o (memset)
c:/st/stm32cubeide_1.6.1/stm32cubeide/plugins/com.st.stm32cube.ide.mcu.externaltools.gnu-tools-for-stm32.9-2020-q2-update.win32_1.5.0.202011040924/tools/bin/../lib/gcc/arm-none-eabi/9.3.1/../../../../arm-none-eabi/lib/thumb/v7e-m+fp/hard\libc_nano.a(lib_a-setvbuf.o)
                              Core/Src/retarget.o (setvbuf)
c:/st/stm32cubeide_1.6.1/stm32cubeide/plugins/com.st.stm32cube.ide.mcu.externaltools.gnu-tools-for-stm32.9-2020-q2-update.win32_1.5.0.202011040924/tools/bin/../lib/gcc/arm-none-eabi/9.3.1/../../../../arm-none-eabi/lib/thumb/v7e-m+fp/hard\libc_nano.a(lib_a-fflush.o)
                              c:/st/stm32cubeide_1.6.1/stm32cubeide/plugins/com.st.stm32cube.ide.mcu.externaltools.gnu-tools-for-stm32.9-2020-q2-update.win32_1.5.0.202011040924/tools/bin/../lib/gcc/arm-none-eabi/9.3.1/../../../../arm-none-eabi/lib/thumb/v7e-m+fp/hard\libc_nano.a(lib_a-setvbuf.o) (_fflush_r)
c:/st/stm32cubeide_1.6.1/stm32cubeide/plugins/com.st.stm32cube.ide.mcu.externaltools.gnu-tools-for-stm32.9-2020-q2-update.win32_1.5.0.202011040924/tools/bin/../lib/gcc/arm-none-eabi/9.3.1/../../../../arm-none-eabi/lib/thumb/v7e-m+fp/hard\libc_nano.a(lib_a-findfp.o)
                              c:/st/stm32cubeide_1.6.1/stm32cubeide/plugins/com.st.stm32cube.ide.mcu.externaltools.gnu-tools-for-stm32.9-2020-q2-update.win32_1.5.0.202011040924/tools/bin/../lib/gcc/arm-none-eabi/9.3.1/../../../../arm-none-eabi/lib/thumb/v7e-m+fp/hard\libc_nano.a(lib_a-setvbuf.o) (__sinit)
c:/st/stm32cubeide_1.6.1/stm32cubeide/plugins/com.st.stm32cube.ide.mcu.externaltools.gnu-tools-for-stm32.9-2020-q2-update.win32_1.5.0.202011040924/tools/bin/../lib/gcc/arm-none-eabi/9.3.1/../../../../arm-none-eabi/lib/thumb/v7e-m+fp/hard\libc_nano.a(lib_a-fwalk.o)
[...]
Memory Configuration

Name             Origin             Length             Attributes
CCMRAM           0x0000000010000000 0x0000000000010000 xrw
RAM              0x0000000020000000 0x0000000000030000 xrw
FLASH            0x0000000008000000 0x0000000000200000 xr
*default*        0x0000000000000000 0xffffffffffffffff

Linker script and memory map

LOAD c:/st/stm32cubeide_1.6.1/stm32cubeide/plugins/com.st.stm32cube.ide.mcu.externaltools.gnu-tools-for-stm32.9-2020-q2-update.win32_1.5.0.202011040924/tools/bin/../lib/gcc/arm-none-eabi/9.3.1/thumb/v7e-m+fp/hard/crti.o
LOAD c:/st/stm32cubeide_1.6.1/stm32cubeide/plugins/com.st.stm32cube.ide.mcu.externaltools.gnu-tools-for-stm32.9-2020-q2-update.win32_1.5.0.202011040924/tools/bin/../lib/gcc/arm-none-eabi/9.3.1/thumb/v7e-m+fp/hard/crtbegin.o
LOAD c:/st/stm32cubeide_1.6.1/stm32cubeide/plugins/com.st.stm32cube.ide.mcu.externaltools.gnu-tools-for-stm32.9-2020-q2-update.win32_1.5.0.202011040924/tools/bin/../lib/gcc/arm-none-eabi/9.3.1/../../../../arm-none-eabi/lib/thumb/v7e-m+fp/hard/crt0.o
LOAD Core/Src/adc.o
LOAD Core/Src/dma.o
LOAD Core/Src/freertos.o
LOAD Core/Src/gpio.o
LOAD Core/Src/main.o
LOAD Core/Src/retarget.o
LOAD Core/Src/stm32f4xx_hal_msp.o
LOAD Core/Src/stm32f4xx_hal_timebase_tim.o
LOAD Core/Src/stm32f4xx_it.o
LOAD Core/Src/sysmem.o
LOAD Core/Src/system_stm32f4xx.o
LOAD Core/Src/tim.o
LOAD Core/Src/usart.o
LOAD Core/Startup/startup_stm32f429zitx.o
LOAD Drivers/STM32F4xx_HAL_Driver/Src/stm32f4xx_hal.o
LOAD Drivers/STM32F4xx_HAL_Driver/Src/stm32f4xx_hal_adc.o
LOAD Drivers/STM32F4xx_HAL_Driver/Src/stm32f4xx_hal_adc_ex.o
LOAD Drivers/STM32F4xx_HAL_Driver/Src/stm32f4xx_hal_cortex.o
LOAD Drivers/STM32F4xx_HAL_Driver/Src/stm32f4xx_hal_dma.o
LOAD Drivers/STM32F4xx_HAL_Driver/Src/stm32f4xx_hal_dma_ex.o
LOAD Drivers/STM32F4xx_HAL_Driver/Src/stm32f4xx_hal_exti.o
LOAD Drivers/STM32F4xx_HAL_Driver/Src/stm32f4xx_hal_flash.o
LOAD Drivers/STM32F4xx_HAL_Driver/Src/stm32f4xx_hal_flash_ex.o
LOAD Drivers/STM32F4xx_HAL_Driver/Src/stm32f4xx_hal_flash_ramfunc.o
LOAD Drivers/STM32F4xx_HAL_Driver/Src/stm32f4xx_hal_gpio.o
LOAD Drivers/STM32F4xx_HAL_Driver/Src/stm32f4xx_hal_pcd.o
LOAD Drivers/STM32F4xx_HAL_Driver/Src/stm32f4xx_hal_pcd_ex.o
LOAD Drivers/STM32F4xx_HAL_Driver/Src/stm32f4xx_hal_pwr.o
LOAD Drivers/STM32F4xx_HAL_Driver/Src/stm32f4xx_hal_pwr_ex.o
LOAD Drivers/STM32F4xx_HAL_Driver/Src/stm32f4xx_hal_rcc.o
LOAD Drivers/STM32F4xx_HAL_Driver/Src/stm32f4xx_hal_rcc_ex.o
LOAD Drivers/STM32F4xx_HAL_Driver/Src/stm32f4xx_hal_tim.o
LOAD Drivers/STM32F4xx_HAL_Driver/Src/stm32f4xx_hal_tim_ex.o
LOAD Drivers/STM32F4xx_HAL_Driver/Src/stm32f4xx_hal_uart.o
LOAD Drivers/STM32F4xx_HAL_Driver/Src/stm32f4xx_ll_adc.o
LOAD Drivers/STM32F4xx_HAL_Driver/Src/stm32f4xx_ll_usb.o
LOAD Middlewares/ST/STM32_USB_Device_Library/Class/CustomHID/Src/usbd_customhid.o
LOAD Middlewares/ST/STM32_USB_Device_Library/Core/Src/usbd_core.o
LOAD Middlewares/ST/STM32_USB_Device_Library/Core/Src/usbd_ctlreq.o
LOAD Middlewares/ST/STM32_USB_Device_Library/Core/Src/usbd_ioreq.o
LOAD Middlewares/Third_Party/FreeRTOS/Source/CMSIS_RTOS_V2/cmsis_os2.o
LOAD Middlewares/Third_Party/FreeRTOS/Source/croutine.o
LOAD Middlewares/Third_Party/FreeRTOS/Source/event_groups.o
LOAD Middlewares/Third_Party/FreeRTOS/Source/list.o
LOAD Middlewares/Third_Party/FreeRTOS/Source/queue.o
LOAD Middlewares/Third_Party/FreeRTOS/Source/stream_buffer.o
LOAD Middlewares/Third_Party/FreeRTOS/Source/tasks.o
LOAD Middlewares/Third_Party/FreeRTOS/Source/timers.o
LOAD Middlewares/Third_Party/FreeRTOS/Source/portable/GCC/ARM_CM4F/port.o
LOAD Middlewares/Third_Party/FreeRTOS/Source/portable/MemMang/heap_4.o
LOAD USB_DEVICE/App/usb_device.o
LOAD USB_DEVICE/App/usbd_custom_hid_if.o
LOAD USB_DEVICE/App/usbd_desc.o
LOAD USB_DEVICE/Target/usbd_conf.o
START GROUP
LOAD c:/st/stm32cubeide_1.6.1/stm32cubeide/plugins/com.st.stm32cube.ide.mcu.externaltools.gnu-tools-for-stm32.9-2020-q2-update.win32_1.5.0.202011040924/tools/bin/../lib/gcc/arm-none-eabi/9.3.1/../../../../arm-none-eabi/lib/thumb/v7e-m+fp/hard\libc_nano.a
LOAD c:/st/stm32cubeide_1.6.1/stm32cubeide/plugins/com.st.stm32cube.ide.mcu.externaltools.gnu-tools-for-stm32.9-2020-q2-update.win32_1.5.0.202011040924/tools/bin/../lib/gcc/arm-none-eabi/9.3.1/../../../../arm-none-eabi/lib/thumb/v7e-m+fp/hard\libm.a
END GROUP
START GROUP
LOAD c:/st/stm32cubeide_1.6.1/stm32cubeide/plugins/com.st.stm32cube.ide.mcu.externaltools.gnu-tools-for-stm32.9-2020-q2-update.win32_1.5.0.202011040924/tools/bin/../lib/gcc/arm-none-eabi/9.3.1/thumb/v7e-m+fp/hard\libgcc.a
LOAD c:/st/stm32cubeide_1.6.1/stm32cubeide/plugins/com.st.stm32cube.ide.mcu.externaltools.gnu-tools-for-stm32.9-2020-q2-update.win32_1.5.0.202011040924/tools/bin/../lib/gcc/arm-none-eabi/9.3.1/../../../../arm-none-eabi/lib/thumb/v7e-m+fp/hard\libc_nano.a
END GROUP
START GROUP
LOAD c:/st/stm32cubeide_1.6.1/stm32cubeide/plugins/com.st.stm32cube.ide.mcu.externaltools.gnu-tools-for-stm32.9-2020-q2-update.win32_1.5.0.202011040924/tools/bin/../lib/gcc/arm-none-eabi/9.3.1/thumb/v7e-m+fp/hard\libgcc.a
LOAD c:/st/stm32cubeide_1.6.1/stm32cubeide/plugins/com.st.stm32cube.ide.mcu.externaltools.gnu-tools-for-stm32.9-2020-q2-update.win32_1.5.0.202011040924/tools/bin/../lib/gcc/arm-none-eabi/9.3.1/../../../../arm-none-eabi/lib/thumb/v7e-m+fp/hard\libc_nano.a
LOAD c:/st/stm32cubeide_1.6.1/stm32cubeide/plugins/com.st.stm32cube.ide.mcu.externaltools.gnu-tools-for-stm32.9-2020-q2-update.win32_1.5.0.202011040924/tools/bin/../lib/gcc/arm-none-eabi/9.3.1/../../../../arm-none-eabi/lib/thumb/v7e-m+fp/hard\libnosys.a
END GROUP
START GROUP
LOAD c:/st/stm32cubeide_1.6.1/stm32cubeide/plugins/com.st.stm32cube.ide.mcu.externaltools.gnu-tools-for-stm32.9-2020-q2-update.win32_1.5.0.202011040924/tools/bin/../lib/gcc/arm-none-eabi/9.3.1/thumb/v7e-m+fp/hard\libgcc.a
LOAD c:/st/stm32cubeide_1.6.1/stm32cubeide/plugins/com.st.stm32cube.ide.mcu.externaltools.gnu-tools-for-stm32.9-2020-q2-update.win32_1.5.0.202011040924/tools/bin/../lib/gcc/arm-none-eabi/9.3.1/../../../../arm-none-eabi/lib/thumb/v7e-m+fp/hard\libc_nano.a
LOAD c:/st/stm32cubeide_1.6.1/stm32cubeide/plugins/com.st.stm32cube.ide.mcu.externaltools.gnu-tools-for-stm32.9-2020-q2-update.win32_1.5.0.202011040924/tools/bin/../lib/gcc/arm-none-eabi/9.3.1/../../../../arm-none-eabi/lib/thumb/v7e-m+fp/hard\libnosys.a
END GROUP
LOAD c:/st/stm32cubeide_1.6.1/stm32cubeide/plugins/com.st.stm32cube.ide.mcu.externaltools.gnu-tools-for-stm32.9-2020-q2-update.win32_1.5.0.202011040924/tools/bin/../lib/gcc/arm-none-eabi/9.3.1/thumb/v7e-m+fp/hard/crtend.o
LOAD c:/st/stm32cubeide_1.6.1/stm32cubeide/plugins/com.st.stm32cube.ide.mcu.externaltools.gnu-tools-for-stm32.9-2020-q2-update.win32_1.5.0.202011040924/tools/bin/../lib/gcc/arm-none-eabi/9.3.1/thumb/v7e-m+fp/hard/crtn.o
                0x0000000020030000                _estack = (ORIGIN (RAM) + LENGTH (RAM))
                0x0000000000000600                _Min_Heap_Size = 0x600
                0x0000000000000600                _Min_Stack_Size = 0x600

.isr_vector     0x0000000008000000      0x1ac
                0x0000000008000000                . = ALIGN (0x4)
 *(.isr_vector)
 .isr_vector    0x0000000008000000      0x1ac Core/Startup/startup_stm32f429zitx.o
                0x0000000008000000                g_pfnVectors
                0x00000000080001ac                . = ALIGN (0x4)

.text           0x00000000080001b0     0xe258
                0x00000000080001b0                . = ALIGN (0x4)
 *(.text)
 .text          0x00000000080001b0       0x40 c:/st/stm32cubeide_1.6.1/stm32cubeide/plugins/com.st.stm32cube.ide.mcu.externaltools.gnu-tools-for-stm32.9-2020-q2-update.win32_1.5.0.202011040924/tools/bin/../lib/gcc/arm-none-eabi/9.3.1/thumb/v7e-m+fp/hard/crtbegin.o
 .text          0x00000000080001f0       0x30 c:/st/stm32cubeide_1.6.1/stm32cubeide/plugins/com.st.stm32cube.ide.mcu.externaltools.gnu-tools-for-stm32.9-2020-q2-update.win32_1.5.0.202011040924/tools/bin/../lib/gcc/arm-none-eabi/9.3.1/thumb/v7e-m+fp/hard\libgcc.a(_aeabi_uldivmod.o)
                0x00000000080001f0                __aeabi_uldivmod
 .text          0x0000000008000220      0x2c4 c:/st/stm32cubeide_1.6.1/stm32cubeide/plugins/com.st.stm32cube.ide.mcu.externaltools.gnu-tools-for-stm32.9-2020-q2-update.win32_1.5.0.202011040924/tools/bin/../lib/gcc/arm-none-eabi/9.3.1/thumb/v7e-m+fp/hard\libgcc.a(_udivmoddi4.o)
                0x0000000008000220                __udivmoddi4
 .text          0x00000000080004e4        0x4 c:/st/stm32cubeide_1.6.1/stm32cubeide/plugins/com.st.stm32cube.ide.mcu.externaltools.gnu-tools-for-stm32.9-2020-q2-update.win32_1.5.0.202011040924/tools/bin/../lib/gcc/arm-none-eabi/9.3.1/thumb/v7e-m+fp/hard\libgcc.a(_dvmd_tls.o)
                0x00000000080004e4                __aeabi_idiv0
                0x00000000080004e4                __aeabi_ldiv0
 *(.text*)
 .text.MX_ADC1_Init
                0x00000000080004e8       0xc0 Core/Src/adc.o
                0x00000000080004e8                MX_ADC1_Init
 .text.HAL_ADC_MspInit
                0x00000000080005a8       0xf0 Core/Src/adc.o
                0x00000000080005a8                HAL_ADC_MspInit
 .text.MX_DMA_Init
                0x0000000008000698       0x6c Core/Src/dma.o
                0x0000000008000698                MX_DMA_Init
 .text.MX_FREERTOS_Init
                0x0000000008000704       0x24 Core/Src/freertos.o
                0x0000000008000704                MX_FREERTOS_Init
 .text.StartDefaultTask
                0x0000000008000728       0x14 Core/Src/freertos.o
                0x0000000008000728                StartDefaultTask
 .text.MX_GPIO_Init
                0x000000000800073c      0x110 Core/Src/gpio.o
                0x000000000800073c                MX_GPIO_Init
 .text.Get_Key  0x000000000800084c       0xcc Core/Src/main.o
                0x000000000800084c                Get_Key
 .text.main     0x0000000008000918       0xd8 Core/Src/main.o
                0x0000000008000918                main
 .text.SystemClock_Config
                0x00000000080009f0       0xd4 Core/Src/main.o
                0x00000000080009f0                SystemClock_Config
 .text.HAL_GPIO_EXTI_Callback
                0x0000000008000ac4      0x1b0 Core/Src/main.o
                0x0000000008000ac4                HAL_GPIO_EXTI_Callback
 .text.MainTask_Fun
                0x0000000008000c74      0x158 Core/Src/main.o
                0x0000000008000c74                MainTask_Fun
 .text.HC05Task_Fun
                0x0000000008000dcc       0x50 Core/Src/main.o
                0x0000000008000dcc                HC05Task_Fun
 .text.KeyPadTask_Fun
                0x0000000008000e1c       0x60 Core/Src/main.o
                0x0000000008000e1c                KeyPadTask_Fun
 .text.GetKeyBoardEquivelant
                0x0000000008000e7c      0x158 Core/Src/main.o
                0x0000000008000e7c                GetKeyBoardEquivelant
 .text.HAL_UART_RxCpltCallback
                0x0000000008000fd4       0x70 Core/Src/main.o
                0x0000000008000fd4                HAL_UART_RxCpltCallback
 .text.HAL_TIM_PeriodElapsedCallback
                0x0000000008001044       0x24 Core/Src/main.o
                0x0000000008001044                HAL_TIM_PeriodElapsedCallback
 .text.Error_Handler
                0x0000000008001068        0xa Core/Src/main.o
                0x0000000008001068                Error_Handler
 *fill*         0x0000000008001072        0x2 
 .text.RetargetInit
                0x0000000008001074       0x30 Core/Src/retarget.o
                0x0000000008001074                RetargetInit
 .text._write   0x00000000080010a4       0x58 Core/Src/retarget.o
                0x00000000080010a4                _write
 .text._close   0x00000000080010fc       0x2e Core/Src/retarget.o
                0x00000000080010fc                _close
 .text._lseek   0x000000000800112a       0x22 Core/Src/retarget.o
                0x000000000800112a                _lseek
 .text._read    0x000000000800114c       0x50 Core/Src/retarget.o
                0x000000000800114c                _read
 .text._fstat   0x000000000800119c       0x36 Core/Src/retarget.o
                0x000000000800119c                _fstat
 *fill*         0x00000000080011d2        0x2 
 .text.HAL_MspInit
                0x00000000080011d4       0x58 Core/Src/stm32f4xx_hal_msp.o
                0x00000000080011d4                HAL_MspInit
 .text.HAL_InitTick
                0x000000000800122c       0xb4 Core/Src/stm32f4xx_hal_timebase_tim.o
                0x000000000800122c                HAL_InitTick
 .text.NMI_Handler
                0x00000000080012e0        0x6 Core/Src/stm32f4xx_it.o
                0x00000000080012e0                NMI_Handler
 .text.HardFault_Handler
                0x00000000080012e6        0x6 Core/Src/stm32f4xx_it.o
                0x00000000080012e6                HardFault_Handler
 .text.MemManage_Handler
                0x00000000080012ec        0x6 Core/Src/stm32f4xx_it.o
                0x00000000080012ec                MemManage_Handler
 .text.BusFault_Handler
                0x00000000080012f2        0x6 Core/Src/stm32f4xx_it.o
                0x00000000080012f2                BusFault_Handler
 .text.UsageFault_Handler
                0x00000000080012f8        0x6 Core/Src/stm32f4xx_it.o
                0x00000000080012f8                UsageFault_Handler
 .text.DebugMon_Handler
                0x00000000080012fe        0xe Core/Src/stm32f4xx_it.o
                0x00000000080012fe                DebugMon_Handler
 .text.DMA1_Stream5_IRQHandler
                0x000000000800130c       0x14 Core/Src/stm32f4xx_it.o
                0x000000000800130c                DMA1_Stream5_IRQHandler
 .text.USART2_IRQHandler
                0x0000000008001320       0x14 Core/Src/stm32f4xx_it.o
                0x0000000008001320                USART2_IRQHandler
 .text.EXTI15_10_IRQHandler
                0x0000000008001334       0x28 Core/Src/stm32f4xx_it.o
                0x0000000008001334                EXTI15_10_IRQHandler
 .text.TIM8_CC_IRQHandler
                0x000000000800135c       0x14 Core/Src/stm32f4xx_it.o
                0x000000000800135c                TIM8_CC_IRQHandler
 .text.TIM6_DAC_IRQHandler
                0x0000000008001370       0x14 Core/Src/stm32f4xx_it.o
                0x0000000008001370                TIM6_DAC_IRQHandler
 .text.DMA2_Stream0_IRQHandler
                0x0000000008001384       0x14 Core/Src/stm32f4xx_it.o
                0x0000000008001384                DMA2_Stream0_IRQHandler
 .text.OTG_FS_IRQHandler
                0x0000000008001398       0x14 Core/Src/stm32f4xx_it.o
                0x0000000008001398                OTG_FS_IRQHandler
 .text._sbrk    0x00000000080013ac       0x6c Core/Src/sysmem.o
                0x00000000080013ac                _sbrk
 .text.SystemInit
                0x0000000008001418       0x24 Core/Src/system_stm32f4xx.o
                0x0000000008001418                SystemInit
 .text.MX_TIM8_Init
                0x000000000800143c      0x13c Core/Src/tim.o
                0x000000000800143c                MX_TIM8_Init
 .text.HAL_TIM_Base_MspInit
                0x0000000008001578       0x50 Core/Src/tim.o
                0x0000000008001578                HAL_TIM_Base_MspInit
 .text.MX_USART1_UART_Init
                0x00000000080015c8       0x54 Core/Src/usart.o
                0x00000000080015c8                MX_USART1_UART_Init
 .text.MX_USART2_UART_Init
                0x000000000800161c       0x54 Core/Src/usart.o
                0x000000000800161c                MX_USART2_UART_Init
 .text.HAL_UART_MspInit
                0x0000000008001670      0x170 Core/Src/usart.o
                0x0000000008001670                HAL_UART_MspInit
 .text.Reset_Handler
                0x00000000080017e0       0x50 Core/Startup/startup_stm32f429zitx.o
                0x00000000080017e0                Reset_Handler
 .text.Default_Handler
                0x0000000008001830        0x2 Core/Startup/startup_stm32f429zitx.o
                0x0000000008001830                RTC_Alarm_IRQHandler
                0x0000000008001830                HASH_RNG_IRQHandler
                0x0000000008001830                EXTI2_IRQHandler
                0x0000000008001830                UART8_IRQHandler
                0x0000000008001830                SPI4_IRQHandler
                0x0000000008001830                TIM1_CC_IRQHandler
                0x0000000008001830                DMA2_Stream5_IRQHandler
                0x0000000008001830                PVD_IRQHandler
                0x0000000008001830                SDIO_IRQHandler
                0x0000000008001830                TAMP_STAMP_IRQHandler
                0x0000000008001830                CAN2_RX1_IRQHandler
                0x0000000008001830                EXTI3_IRQHandler
                0x0000000008001830                TIM8_TRG_COM_TIM14_IRQHandler
                0x0000000008001830                TIM1_UP_TIM10_IRQHandler
                0x0000000008001830                TIM8_UP_TIM13_IRQHandler
                0x0000000008001830                I2C3_ER_IRQHandler
                0x0000000008001830                EXTI0_IRQHandler
                0x0000000008001830                I2C2_EV_IRQHandler
                0x0000000008001830                DMA1_Stream2_IRQHandler
                0x0000000008001830                CAN1_RX0_IRQHandler
                0x0000000008001830                FPU_IRQHandler
                0x0000000008001830                OTG_HS_WKUP_IRQHandler
                0x0000000008001830                LTDC_ER_IRQHandler
                0x0000000008001830                CAN2_SCE_IRQHandler
                0x0000000008001830                DMA2_Stream2_IRQHandler
                0x0000000008001830                SPI1_IRQHandler
                0x0000000008001830                TIM1_BRK_TIM9_IRQHandler
                0x0000000008001830                DCMI_IRQHandler
                0x0000000008001830                CAN2_RX0_IRQHandler
                0x0000000008001830                DMA2_Stream3_IRQHandler
                0x0000000008001830                USART6_IRQHandler
                0x0000000008001830                USART3_IRQHandler
                0x0000000008001830                CAN1_RX1_IRQHandler
                0x0000000008001830                UART5_IRQHandler
                0x0000000008001830                TIM4_IRQHandler
                0x0000000008001830                I2C1_EV_IRQHandler
                0x0000000008001830                DMA1_Stream6_IRQHandler
                0x0000000008001830                DMA1_Stream1_IRQHandler
                0x0000000008001830                UART4_IRQHandler
                0x0000000008001830                TIM3_IRQHandler
                0x0000000008001830                RCC_IRQHandler
                0x0000000008001830                TIM8_BRK_TIM12_IRQHandler
                0x0000000008001830                Default_Handler
                0x0000000008001830                ADC_IRQHandler
                0x0000000008001830                DMA1_Stream7_IRQHandler
                0x0000000008001830                SPI5_IRQHandler
                0x0000000008001830                TIM7_IRQHandler
                0x0000000008001830                CAN2_TX_IRQHandler
                0x0000000008001830                TIM5_IRQHandler
                0x0000000008001830                DMA2_Stream7_IRQHandler
                0x0000000008001830                I2C3_EV_IRQHandler
                0x0000000008001830                EXTI9_5_IRQHandler
                0x0000000008001830                RTC_WKUP_IRQHandler
                0x0000000008001830                LTDC_IRQHandler
                0x0000000008001830                ETH_WKUP_IRQHandler
                0x0000000008001830                SPI2_IRQHandler
                0x0000000008001830                OTG_HS_EP1_IN_IRQHandler
                0x0000000008001830                DMA1_Stream0_IRQHandler
                0x0000000008001830                CAN1_TX_IRQHandler
                0x0000000008001830                EXTI4_IRQHandler
                0x0000000008001830                ETH_IRQHandler
                0x0000000008001830                OTG_HS_EP1_OUT_IRQHandler
                0x0000000008001830                WWDG_IRQHandler
                0x0000000008001830                SPI6_IRQHandler
                0x0000000008001830                TIM2_IRQHandler
                0x0000000008001830                OTG_FS_WKUP_IRQHandler
                0x0000000008001830                TIM1_TRG_COM_TIM11_IRQHandler
                0x0000000008001830                OTG_HS_IRQHandler
                0x0000000008001830                DMA2D_IRQHandler
                0x0000000008001830                EXTI1_IRQHandler
                0x0000000008001830                UART7_IRQHandler
                0x0000000008001830                I2C2_ER_IRQHandler
                0x0000000008001830                DMA2_Stream1_IRQHandler
                0x0000000008001830                CAN1_SCE_IRQHandler
                0x0000000008001830                FLASH_IRQHandler
                0x0000000008001830                DMA2_Stream4_IRQHandler
                0x0000000008001830                USART1_IRQHandler
                0x0000000008001830                SPI3_IRQHandler
                0x0000000008001830                DMA1_Stream4_IRQHandler
                0x0000000008001830                I2C1_ER_IRQHandler
                0x0000000008001830                FMC_IRQHandler
                0x0000000008001830                DMA2_Stream6_IRQHandler
                0x0000000008001830                SAI1_IRQHandler
                0x0000000008001830                DMA1_Stream3_IRQHandler
 *fill*         0x0000000008001832        0x2 
 .text.HAL_Init
                0x0000000008001834       0x44 Drivers/STM32F4xx_HAL_Driver/Src/stm32f4xx_hal.o
                0x0000000008001834                HAL_Init
 .text.HAL_IncTick
                0x0000000008001878       0x28 Drivers/STM32F4xx_HAL_Driver/Src/stm32f4xx_hal.o
                0x0000000008001878                HAL_IncTick
 .text.HAL_GetTick
                0x00000000080018a0       0x18 Drivers/STM32F4xx_HAL_Driver/Src/stm32f4xx_hal.o
                0x00000000080018a0                HAL_GetTick
 .text.HAL_Delay
                0x00000000080018b8       0x48 Drivers/STM32F4xx_HAL_Driver/Src/stm32f4xx_hal.o
                0x00000000080018b8                HAL_Delay
 .text.HAL_ADC_Init
                0x0000000008001900       0x86 Drivers/STM32F4xx_HAL_Driver/Src/stm32f4xx_hal_adc.o
                0x0000000008001900                HAL_ADC_Init
 *fill*         0x0000000008001986        0x2 
 .text.HAL_ADC_Start_DMA
                0x0000000008001988      0x220 Drivers/STM32F4xx_HAL_Driver/Src/stm32f4xx_hal_adc.o
                0x0000000008001988                HAL_ADC_Start_DMA
 .text.HAL_ADC_ConvCpltCallback
                0x0000000008001ba8       0x14 Drivers/STM32F4xx_HAL_Driver/Src/stm32f4xx_hal_adc.o
                0x0000000008001ba8                HAL_ADC_ConvCpltCallback
 .text.HAL_ADC_ConvHalfCpltCallback
                0x0000000008001bbc       0x14 Drivers/STM32F4xx_HAL_Driver/Src/stm32f4xx_hal_adc.o
                0x0000000008001bbc                HAL_ADC_ConvHalfCpltCallback
 .text.HAL_ADC_ErrorCallback
                0x0000000008001bd0       0x14 Drivers/STM32F4xx_HAL_Driver/Src/stm32f4xx_hal_adc.o
                0x0000000008001bd0                HAL_ADC_ErrorCallback
 .text.HAL_ADC_ConfigChannel
                0x0000000008001be4      0x264 Drivers/STM32F4xx_HAL_Driver/Src/stm32f4xx_hal_adc.o
                0x0000000008001be4                HAL_ADC_ConfigChannel
 .text.ADC_Init
                0x0000000008001e48      0x1f8 Drivers/STM32F4xx_HAL_Driver/Src/stm32f4xx_hal_adc.o
 .text.ADC_DMAConvCplt
                0x0000000008002040       0xba Drivers/STM32F4xx_HAL_Driver/Src/stm32f4xx_hal_adc.o
 .text.ADC_DMAHalfConvCplt
                0x00000000080020fa       0x1c Drivers/STM32F4xx_HAL_Driver/Src/stm32f4xx_hal_adc.o
 .text.ADC_DMAError
                0x0000000008002116       0x2e Drivers/STM32F4xx_HAL_Driver/Src/stm32f4xx_hal_adc.o
 .text.__NVIC_SetPriorityGrouping
                0x0000000008002144       0x48 Drivers/STM32F4xx_HAL_Driver/Src/stm32f4xx_hal_cortex.o
 .text.__NVIC_GetPriorityGrouping
                0x000000000800218c       0x1c Drivers/STM32F4xx_HAL_Driver/Src/stm32f4xx_hal_cortex.o
 .text.__NVIC_EnableIRQ
                0x00000000080021a8       0x3c Drivers/STM32F4xx_HAL_Driver/Src/stm32f4xx_hal_cortex.o
 .text.__NVIC_SetPriority
                0x00000000080021e4       0x54 Drivers/STM32F4xx_HAL_Driver/Src/stm32f4xx_hal_cortex.o
 .text.NVIC_EncodePriority
                0x0000000008002238       0x66 Drivers/STM32F4xx_HAL_Driver/Src/stm32f4xx_hal_cortex.o
 .text.HAL_NVIC_SetPriorityGrouping
                0x000000000800229e       0x16 Drivers/STM32F4xx_HAL_Driver/Src/stm32f4xx_hal_cortex.o
                0x000000000800229e                HAL_NVIC_SetPriorityGrouping
 .text.HAL_NVIC_SetPriority
                0x00000000080022b4       0x38 Drivers/STM32F4xx_HAL_Driver/Src/stm32f4xx_hal_cortex.o
                0x00000000080022b4                HAL_NVIC_SetPriority
 .text.HAL_NVIC_EnableIRQ
                0x00000000080022ec       0x1c Drivers/STM32F4xx_HAL_Driver/Src/stm32f4xx_hal_cortex.o
                0x00000000080022ec                HAL_NVIC_EnableIRQ
 .text.HAL_DMA_Init
                0x0000000008002308      0x15c Drivers/STM32F4xx_HAL_Driver/Src/stm32f4xx_hal_dma.o
                0x0000000008002308                HAL_DMA_Init
 .text.HAL_DMA_Start_IT
                0x0000000008002464       0xb0 Drivers/STM32F4xx_HAL_Driver/Src/stm32f4xx_hal_dma.o
                0x0000000008002464                HAL_DMA_Start_IT
 .text.HAL_DMA_Abort
                0x0000000008002514       0xe0 Drivers/STM32F4xx_HAL_Driver/Src/stm32f4xx_hal_dma.o
                0x0000000008002514                HAL_DMA_Abort
 .text.HAL_DMA_Abort_IT
                0x00000000080025f4       0x44 Drivers/STM32F4xx_HAL_Driver/Src/stm32f4xx_hal_dma.o
                0x00000000080025f4                HAL_DMA_Abort_IT
 .text.HAL_DMA_IRQHandler
                0x0000000008002638      0x314 Drivers/STM32F4xx_HAL_Driver/Src/stm32f4xx_hal_dma.o
                0x0000000008002638                HAL_DMA_IRQHandler
 .text.DMA_SetConfig
                0x000000000800294c       0x5c Drivers/STM32F4xx_HAL_Driver/Src/stm32f4xx_hal_dma.o
 .text.DMA_CalcBaseAndBitshift
                0x00000000080029a8       0x6c Drivers/STM32F4xx_HAL_Driver/Src/stm32f4xx_hal_dma.o
 .text.DMA_CheckFifoParam
                0x0000000008002a14       0xf8 Drivers/STM32F4xx_HAL_Driver/Src/stm32f4xx_hal_dma.o
 .text.HAL_GPIO_Init
                0x0000000008002b0c      0x358 Drivers/STM32F4xx_HAL_Driver/Src/stm32f4xx_hal_gpio.o
                0x0000000008002b0c                HAL_GPIO_Init
 .text.HAL_GPIO_ReadPin
                0x0000000008002e64       0x30 Drivers/STM32F4xx_HAL_Driver/Src/stm32f4xx_hal_gpio.o
                0x0000000008002e64                HAL_GPIO_ReadPin
 .text.HAL_GPIO_WritePin
                0x0000000008002e94       0x32 Drivers/STM32F4xx_HAL_Driver/Src/stm32f4xx_hal_gpio.o
                0x0000000008002e94                HAL_GPIO_WritePin
 *fill*         0x0000000008002ec6        0x2 
 .text.HAL_GPIO_EXTI_IRQHandler
                0x0000000008002ec8       0x30 Drivers/STM32F4xx_HAL_Driver/Src/stm32f4xx_hal_gpio.o
                0x0000000008002ec8                HAL_GPIO_EXTI_IRQHandler
 .text.HAL_PCD_Init
                0x0000000008002ef8      0x23a Drivers/STM32F4xx_HAL_Driver/Src/stm32f4xx_hal_pcd.o
                0x0000000008002ef8                HAL_PCD_Init
 .text.HAL_PCD_Start
                0x0000000008003132       0x66 Drivers/STM32F4xx_HAL_Driver/Src/stm32f4xx_hal_pcd.o
                0x0000000008003132                HAL_PCD_Start
 .text.HAL_PCD_IRQHandler
                0x0000000008003198      0x764 Drivers/STM32F4xx_HAL_Driver/Src/stm32f4xx_hal_pcd.o
                0x0000000008003198                HAL_PCD_IRQHandler
 .text.HAL_PCD_SetAddress
                0x00000000080038fc       0x4a Drivers/STM32F4xx_HAL_Driver/Src/stm32f4xx_hal_pcd.o
                0x00000000080038fc                HAL_PCD_SetAddress
 .text.HAL_PCD_EP_Open
                0x0000000008003946       0xd0 Drivers/STM32F4xx_HAL_Driver/Src/stm32f4xx_hal_pcd.o
                0x0000000008003946                HAL_PCD_EP_Open
 .text.HAL_PCD_EP_Close
                0x0000000008003a16       0x94 Drivers/STM32F4xx_HAL_Driver/Src/stm32f4xx_hal_pcd.o
                0x0000000008003a16                HAL_PCD_EP_Close
 .text.HAL_PCD_EP_Receive
                0x0000000008003aaa       0x96 Drivers/STM32F4xx_HAL_Driver/Src/stm32f4xx_hal_pcd.o
                0x0000000008003aaa                HAL_PCD_EP_Receive
 .text.HAL_PCD_EP_Transmit
                0x0000000008003b40       0x94 Drivers/STM32F4xx_HAL_Driver/Src/stm32f4xx_hal_pcd.o
                0x0000000008003b40                HAL_PCD_EP_Transmit
 .text.HAL_PCD_EP_SetStall
                0x0000000008003bd4       0xc8 Drivers/STM32F4xx_HAL_Driver/Src/stm32f4xx_hal_pcd.o
                0x0000000008003bd4                HAL_PCD_EP_SetStall
 .text.HAL_PCD_EP_ClrStall
                0x0000000008003c9c       0xac Drivers/STM32F4xx_HAL_Driver/Src/stm32f4xx_hal_pcd.o
                0x0000000008003c9c                HAL_PCD_EP_ClrStall
 .text.PCD_WriteEmptyTxFifo
                0x0000000008003d48      0x11a Drivers/STM32F4xx_HAL_Driver/Src/stm32f4xx_hal_pcd.o
 *fill*         0x0000000008003e62        0x2 
 .text.PCD_EP_OutXfrComplete_int
                0x0000000008003e64      0x218 Drivers/STM32F4xx_HAL_Driver/Src/stm32f4xx_hal_pcd.o
 .text.PCD_EP_OutSetupPacket_int
                0x000000000800407c       0x8c Drivers/STM32F4xx_HAL_Driver/Src/stm32f4xx_hal_pcd.o
 .text.HAL_PCDEx_SetTxFiFo
                0x0000000008004108       0x8e Drivers/STM32F4xx_HAL_Driver/Src/stm32f4xx_hal_pcd_ex.o
                0x0000000008004108                HAL_PCDEx_SetTxFiFo
 .text.HAL_PCDEx_SetRxFiFo
                0x0000000008004196       0x22 Drivers/STM32F4xx_HAL_Driver/Src/stm32f4xx_hal_pcd_ex.o
                0x0000000008004196                HAL_PCDEx_SetRxFiFo
 .text.HAL_PCDEx_LPM_Callback
                0x00000000080041b8       0x18 Drivers/STM32F4xx_HAL_Driver/Src/stm32f4xx_hal_pcd_ex.o
                0x00000000080041b8                HAL_PCDEx_LPM_Callback
 .text.HAL_RCC_OscConfig
                0x00000000080041d0      0x4f0 Drivers/STM32F4xx_HAL_Driver/Src/stm32f4xx_hal_rcc.o
                0x00000000080041d0                HAL_RCC_OscConfig
 .text.HAL_RCC_ClockConfig
                0x00000000080046c0      0x1cc Drivers/STM32F4xx_HAL_Driver/Src/stm32f4xx_hal_rcc.o
                0x00000000080046c0                HAL_RCC_ClockConfig
 .text.HAL_RCC_GetSysClockFreq
                0x000000000800488c      0x1c4 Drivers/STM32F4xx_HAL_Driver/Src/stm32f4xx_hal_rcc.o
                0x000000000800488c                HAL_RCC_GetSysClockFreq
 .text.HAL_RCC_GetHCLKFreq
                0x0000000008004a50       0x18 Drivers/STM32F4xx_HAL_Driver/Src/stm32f4xx_hal_rcc.o
                0x0000000008004a50                HAL_RCC_GetHCLKFreq
 .text.HAL_RCC_GetPCLK1Freq
                0x0000000008004a68       0x28 Drivers/STM32F4xx_HAL_Driver/Src/stm32f4xx_hal_rcc.o
                0x0000000008004a68                HAL_RCC_GetPCLK1Freq
 .text.HAL_RCC_GetPCLK2Freq
                0x0000000008004a90       0x28 Drivers/STM32F4xx_HAL_Driver/Src/stm32f4xx_hal_rcc.o
                0x0000000008004a90                HAL_RCC_GetPCLK2Freq
 .text.HAL_RCC_GetClockConfig
                0x0000000008004ab8       0x64 Drivers/STM32F4xx_HAL_Driver/Src/stm32f4xx_hal_rcc.o
                0x0000000008004ab8                HAL_RCC_GetClockConfig
 .text.HAL_TIM_Base_Init
                0x0000000008004b1c       0x9e Drivers/STM32F4xx_HAL_Driver/Src/stm32f4xx_hal_tim.o
                0x0000000008004b1c                HAL_TIM_Base_Init
 *fill*         0x0000000008004bba        0x2 
 .text.HAL_TIM_Base_Start
                0x0000000008004bbc       0xd0 Drivers/STM32F4xx_HAL_Driver/Src/stm32f4xx_hal_tim.o
                0x0000000008004bbc                HAL_TIM_Base_Start
 .text.HAL_TIM_Base_Start_IT
                0x0000000008004c8c       0xe0 Drivers/STM32F4xx_HAL_Driver/Src/stm32f4xx_hal_tim.o
                0x0000000008004c8c                HAL_TIM_Base_Start_IT
 .text.HAL_TIM_OC_Init
                0x0000000008004d6c       0x9e Drivers/STM32F4xx_HAL_Driver/Src/stm32f4xx_hal_tim.o
                0x0000000008004d6c                HAL_TIM_OC_Init
 .text.HAL_TIM_OC_MspInit
                0x0000000008004e0a       0x14 Drivers/STM32F4xx_HAL_Driver/Src/stm32f4xx_hal_tim.o
                0x0000000008004e0a                HAL_TIM_OC_MspInit
 .text.HAL_TIM_IRQHandler
                0x0000000008004e1e      0x210 Drivers/STM32F4xx_HAL_Driver/Src/stm32f4xx_hal_tim.o
                0x0000000008004e1e                HAL_TIM_IRQHandler
 *fill*         0x000000000800502e        0x2 
 .text.HAL_TIM_OC_ConfigChannel
                0x0000000008005030       0xb0 Drivers/STM32F4xx_HAL_Driver/Src/stm32f4xx_hal_tim.o
                0x0000000008005030                HAL_TIM_OC_ConfigChannel
 .text.HAL_TIM_ConfigClockSource
                0x00000000080050e0      0x188 Drivers/STM32F4xx_HAL_Driver/Src/stm32f4xx_hal_tim.o
                0x00000000080050e0                HAL_TIM_ConfigClockSource
 .text.HAL_TIM_OC_DelayElapsedCallback
                0x0000000008005268       0x14 Drivers/STM32F4xx_HAL_Driver/Src/stm32f4xx_hal_tim.o
                0x0000000008005268                HAL_TIM_OC_DelayElapsedCallback
 .text.HAL_TIM_IC_CaptureCallback
                0x000000000800527c       0x14 Drivers/STM32F4xx_HAL_Driver/Src/stm32f4xx_hal_tim.o
                0x000000000800527c                HAL_TIM_IC_CaptureCallback
 .text.HAL_TIM_PWM_PulseFinishedCallback
                0x0000000008005290       0x14 Drivers/STM32F4xx_HAL_Driver/Src/stm32f4xx_hal_tim.o
                0x0000000008005290                HAL_TIM_PWM_PulseFinishedCallback
 .text.HAL_TIM_TriggerCallback
                0x00000000080052a4       0x14 Drivers/STM32F4xx_HAL_Driver/Src/stm32f4xx_hal_tim.o
                0x00000000080052a4                HAL_TIM_TriggerCallback
 .text.TIM_Base_SetConfig
                0x00000000080052b8      0x140 Drivers/STM32F4xx_HAL_Driver/Src/stm32f4xx_hal_tim.o
                0x00000000080052b8                TIM_Base_SetConfig
 .text.TIM_OC1_SetConfig
                0x00000000080053f8       0xe0 Drivers/STM32F4xx_HAL_Driver/Src/stm32f4xx_hal_tim.o
 .text.TIM_OC2_SetConfig
                0x00000000080054d8       0xec Drivers/STM32F4xx_HAL_Driver/Src/stm32f4xx_hal_tim.o
                0x00000000080054d8                TIM_OC2_SetConfig
 .text.TIM_OC3_SetConfig
                0x00000000080055c4       0xe8 Drivers/STM32F4xx_HAL_Driver/Src/stm32f4xx_hal_tim.o
 .text.TIM_OC4_SetConfig
                0x00000000080056ac       0xac Drivers/STM32F4xx_HAL_Driver/Src/stm32f4xx_hal_tim.o
 .text.TIM_TI1_ConfigInputStage
                0x0000000008005758       0x5e Drivers/STM32F4xx_HAL_Driver/Src/stm32f4xx_hal_tim.o
 .text.TIM_TI2_ConfigInputStage
                0x00000000080057b6       0x60 Drivers/STM32F4xx_HAL_Driver/Src/stm32f4xx_hal_tim.o
 .text.TIM_ITRx_SetConfig
                0x0000000008005816       0x36 Drivers/STM32F4xx_HAL_Driver/Src/stm32f4xx_hal_tim.o
 .text.TIM_ETR_SetConfig
                0x000000000800584c       0x40 Drivers/STM32F4xx_HAL_Driver/Src/stm32f4xx_hal_tim.o
                0x000000000800584c                TIM_ETR_SetConfig
 .text.HAL_TIMEx_MasterConfigSynchronization
                0x000000000800588c       0xf8 Drivers/STM32F4xx_HAL_Driver/Src/stm32f4xx_hal_tim_ex.o
                0x000000000800588c                HAL_TIMEx_MasterConfigSynchronization
 .text.HAL_TIMEx_ConfigBreakDeadTime
                0x0000000008005984       0xa4 Drivers/STM32F4xx_HAL_Driver/Src/stm32f4xx_hal_tim_ex.o
                0x0000000008005984                HAL_TIMEx_ConfigBreakDeadTime
 .text.HAL_TIMEx_CommutCallback
                0x0000000008005a28       0x14 Drivers/STM32F4xx_HAL_Driver/Src/stm32f4xx_hal_tim_ex.o
                0x0000000008005a28                HAL_TIMEx_CommutCallback
 .text.HAL_TIMEx_BreakCallback
                0x0000000008005a3c       0x14 Drivers/STM32F4xx_HAL_Driver/Src/stm32f4xx_hal_tim_ex.o
                0x0000000008005a3c                HAL_TIMEx_BreakCallback
 .text.HAL_UART_Init
                0x0000000008005a50       0x9a Drivers/STM32F4xx_HAL_Driver/Src/stm32f4xx_hal_uart.o
                0x0000000008005a50                HAL_UART_Init
 .text.HAL_UART_Transmit
                0x0000000008005aea      0x124 Drivers/STM32F4xx_HAL_Driver/Src/stm32f4xx_hal_uart.o
                0x0000000008005aea                HAL_UART_Transmit
 .text.HAL_UART_Receive
                0x0000000008005c0e      0x144 Drivers/STM32F4xx_HAL_Driver/Src/stm32f4xx_hal_uart.o
                0x0000000008005c0e                HAL_UART_Receive
 .text.HAL_UART_Receive_IT
                0x0000000008005d52       0x60 Drivers/STM32F4xx_HAL_Driver/Src/stm32f4xx_hal_uart.o
                0x0000000008005d52                HAL_UART_Receive_IT
 *fill*         0x0000000008005db2        0x2 
 .text.HAL_UART_IRQHandler
                0x0000000008005db4      0x358 Drivers/STM32F4xx_HAL_Driver/Src/stm32f4xx_hal_uart.o
                0x0000000008005db4                HAL_UART_IRQHandler
 .text.HAL_UART_TxCpltCallback
                0x000000000800610c       0x14 Drivers/STM32F4xx_HAL_Driver/Src/stm32f4xx_hal_uart.o
                0x000000000800610c                HAL_UART_TxCpltCallback
 .text.HAL_UART_ErrorCallback
                0x0000000008006120       0x14 Drivers/STM32F4xx_HAL_Driver/Src/stm32f4xx_hal_uart.o
                0x0000000008006120                HAL_UART_ErrorCallback
 .text.HAL_UARTEx_RxEventCallback
                0x0000000008006134       0x18 Drivers/STM32F4xx_HAL_Driver/Src/stm32f4xx_hal_uart.o
                0x0000000008006134                HAL_UARTEx_RxEventCallback
 .text.UART_WaitOnFlagUntilTimeout
                0x000000000800614c       0x94 Drivers/STM32F4xx_HAL_Driver/Src/stm32f4xx_hal_uart.o
 .text.UART_Start_Receive_IT
                0x00000000080061e0       0x74 Drivers/STM32F4xx_HAL_Driver/Src/stm32f4xx_hal_uart.o
                0x00000000080061e0                UART_Start_Receive_IT
 .text.UART_EndRxTransfer
                0x0000000008006254       0x5a Drivers/STM32F4xx_HAL_Driver/Src/stm32f4xx_hal_uart.o
 .text.UART_DMAAbortOnError
                0x00000000080062ae       0x28 Drivers/STM32F4xx_HAL_Driver/Src/stm32f4xx_hal_uart.o
 .text.UART_Transmit_IT
                0x00000000080062d6       0xa0 Drivers/STM32F4xx_HAL_Driver/Src/stm32f4xx_hal_uart.o
 .text.UART_EndTransmit_IT
                0x0000000008006376       0x30 Drivers/STM32F4xx_HAL_Driver/Src/stm32f4xx_hal_uart.o
 .text.UART_Receive_IT
                0x00000000080063a6      0x12e Drivers/STM32F4xx_HAL_Driver/Src/stm32f4xx_hal_uart.o
 .text.UART_SetConfig
                0x00000000080064d4      0x390 Drivers/STM32F4xx_HAL_Driver/Src/stm32f4xx_hal_uart.o
 .text.USB_CoreInit
                0x0000000008006864       0xc2 Drivers/STM32F4xx_HAL_Driver/Src/stm32f4xx_ll_usb.o
                0x0000000008006864                USB_CoreInit
 *fill*         0x0000000008006926        0x2 
 .text.USB_SetTurnaroundTime
                0x0000000008006928      0x144 Drivers/STM32F4xx_HAL_Driver/Src/stm32f4xx_ll_usb.o
                0x0000000008006928                USB_SetTurnaroundTime
 .text.USB_EnableGlobalInt
                0x0000000008006a6c       0x22 Drivers/STM32F4xx_HAL_Driver/Src/stm32f4xx_ll_usb.o
                0x0000000008006a6c                USB_EnableGlobalInt
 .text.USB_DisableGlobalInt
                0x0000000008006a8e       0x22 Drivers/STM32F4xx_HAL_Driver/Src/stm32f4xx_ll_usb.o
                0x0000000008006a8e                USB_DisableGlobalInt
 .text.USB_SetCurrentMode
                0x0000000008006ab0       0x54 Drivers/STM32F4xx_HAL_Driver/Src/stm32f4xx_ll_usb.o
                0x0000000008006ab0                USB_SetCurrentMode
 .text.USB_DevInit
                0x0000000008006b04      0x2c8 Drivers/STM32F4xx_HAL_Driver/Src/stm32f4xx_ll_usb.o
                0x0000000008006b04                USB_DevInit
 .text.USB_FlushTxFifo
                0x0000000008006dcc       0x4c Drivers/STM32F4xx_HAL_Driver/Src/stm32f4xx_ll_usb.o
                0x0000000008006dcc                USB_FlushTxFifo
 .text.USB_FlushRxFifo
                0x0000000008006e18       0x44 Drivers/STM32F4xx_HAL_Driver/Src/stm32f4xx_ll_usb.o
                0x0000000008006e18                USB_FlushRxFifo
 .text.USB_SetDevSpeed
                0x0000000008006e5c       0x32 Drivers/STM32F4xx_HAL_Driver/Src/stm32f4xx_ll_usb.o
                0x0000000008006e5c                USB_SetDevSpeed
 .text.USB_GetDevSpeed
                0x0000000008006e8e       0x4a Drivers/STM32F4xx_HAL_Driver/Src/stm32f4xx_ll_usb.o
                0x0000000008006e8e                USB_GetDevSpeed
 .text.USB_ActivateEndpoint
                0x0000000008006ed8      0x10e Drivers/STM32F4xx_HAL_Driver/Src/stm32f4xx_ll_usb.o
                0x0000000008006ed8                USB_ActivateEndpoint
 *fill*         0x0000000008006fe6        0x2 
 .text.USB_DeactivateEndpoint
                0x0000000008006fe8      0x1b8 Drivers/STM32F4xx_HAL_Driver/Src/stm32f4xx_ll_usb.o
                0x0000000008006fe8                USB_DeactivateEndpoint
 .text.USB_EPStartXfer
                0x00000000080071a0      0x488 Drivers/STM32F4xx_HAL_Driver/Src/stm32f4xx_ll_usb.o
                0x00000000080071a0                USB_EPStartXfer
 .text.USB_EP0StartXfer
                0x0000000008007628      0x2a6 Drivers/STM32F4xx_HAL_Driver/Src/stm32f4xx_ll_usb.o
                0x0000000008007628                USB_EP0StartXfer
 .text.USB_WritePacket
                0x00000000080078ce       0x6a Drivers/STM32F4xx_HAL_Driver/Src/stm32f4xx_ll_usb.o
                0x00000000080078ce                USB_WritePacket
 .text.USB_ReadPacket
                0x0000000008007938       0x52 Drivers/STM32F4xx_HAL_Driver/Src/stm32f4xx_ll_usb.o
                0x0000000008007938                USB_ReadPacket
 .text.USB_EPSetStall
                0x000000000800798a       0xdc Drivers/STM32F4xx_HAL_Driver/Src/stm32f4xx_ll_usb.o
                0x000000000800798a                USB_EPSetStall
 .text.USB_EPClearStall
                0x0000000008007a66       0xcc Drivers/STM32F4xx_HAL_Driver/Src/stm32f4xx_ll_usb.o
                0x0000000008007a66                USB_EPClearStall
 .text.USB_SetDevAddress
                0x0000000008007b32       0x4c Drivers/STM32F4xx_HAL_Driver/Src/stm32f4xx_ll_usb.o
                0x0000000008007b32                USB_SetDevAddress
 .text.USB_DevConnect
                0x0000000008007b7e       0x42 Drivers/STM32F4xx_HAL_Driver/Src/stm32f4xx_ll_usb.o
                0x0000000008007b7e                USB_DevConnect
 .text.USB_DevDisconnect
                0x0000000008007bc0       0x42 Drivers/STM32F4xx_HAL_Driver/Src/stm32f4xx_ll_usb.o
                0x0000000008007bc0                USB_DevDisconnect
 .text.USB_ReadInterrupts
                0x0000000008007c02       0x26 Drivers/STM32F4xx_HAL_Driver/Src/stm32f4xx_ll_usb.o
                0x0000000008007c02                USB_ReadInterrupts
 .text.USB_ReadDevAllOutEpInterrupt
                0x0000000008007c28       0x34 Drivers/STM32F4xx_HAL_Driver/Src/stm32f4xx_ll_usb.o
                0x0000000008007c28                USB_ReadDevAllOutEpInterrupt
 .text.USB_ReadDevAllInEpInterrupt
                0x0000000008007c5c       0x34 Drivers/STM32F4xx_HAL_Driver/Src/stm32f4xx_ll_usb.o
                0x0000000008007c5c                USB_ReadDevAllInEpInterrupt
 .text.USB_ReadDevOutEPInterrupt
                0x0000000008007c90       0x3c Drivers/STM32F4xx_HAL_Driver/Src/stm32f4xx_ll_usb.o
                0x0000000008007c90                USB_ReadDevOutEPInterrupt
 .text.USB_ReadDevInEPInterrupt
                0x0000000008007ccc       0x5c Drivers/STM32F4xx_HAL_Driver/Src/stm32f4xx_ll_usb.o
                0x0000000008007ccc                USB_ReadDevInEPInterrupt
 .text.USB_GetMode
                0x0000000008007d28       0x1c Drivers/STM32F4xx_HAL_Driver/Src/stm32f4xx_ll_usb.o
                0x0000000008007d28                USB_GetMode
 .text.USB_ActivateSetup
                0x0000000008007d44       0x46 Drivers/STM32F4xx_HAL_Driver/Src/stm32f4xx_ll_usb.o
                0x0000000008007d44                USB_ActivateSetup
 *fill*         0x0000000008007d8a        0x2 
 .text.USB_EP0_OutStart
                0x0000000008007d8c       0xbc Drivers/STM32F4xx_HAL_Driver/Src/stm32f4xx_ll_usb.o
                0x0000000008007d8c                USB_EP0_OutStart
 .text.USB_CoreReset
                0x0000000008007e48       0x68 Drivers/STM32F4xx_HAL_Driver/Src/stm32f4xx_ll_usb.o
 .text.USBD_CUSTOM_HID_Init
                0x0000000008007eb0       0xa0 Middlewares/ST/STM32_USB_Device_Library/Class/CustomHID/Src/usbd_customhid.o
 .text.USBD_CUSTOM_HID_DeInit
                0x0000000008007f50       0x6a Middlewares/ST/STM32_USB_Device_Library/Class/CustomHID/Src/usbd_customhid.o
 *fill*         0x0000000008007fba        0x2 
 .text.USBD_CUSTOM_HID_Setup
                0x0000000008007fbc      0x214 Middlewares/ST/STM32_USB_Device_Library/Class/CustomHID/Src/usbd_customhid.o
 .text.USBD_CUSTOM_HID_SendReport
                0x00000000080081d0       0x5a Middlewares/ST/STM32_USB_Device_Library/Class/CustomHID/Src/usbd_customhid.o
                0x00000000080081d0                USBD_CUSTOM_HID_SendReport
 *fill*         0x000000000800822a        0x2 
 .text.USBD_CUSTOM_HID_GetFSCfgDesc
                0x000000000800822c       0x20 Middlewares/ST/STM32_USB_Device_Library/Class/CustomHID/Src/usbd_customhid.o
 .text.USBD_CUSTOM_HID_GetHSCfgDesc
                0x000000000800824c       0x20 Middlewares/ST/STM32_USB_Device_Library/Class/CustomHID/Src/usbd_customhid.o
 .text.USBD_CUSTOM_HID_GetOtherSpeedCfgDesc
                0x000000000800826c       0x20 Middlewares/ST/STM32_USB_Device_Library/Class/CustomHID/Src/usbd_customhid.o
 .text.USBD_CUSTOM_HID_DataIn
                0x000000000800828c       0x24 Middlewares/ST/STM32_USB_Device_Library/Class/CustomHID/Src/usbd_customhid.o
 .text.USBD_CUSTOM_HID_DataOut
                0x00000000080082b0       0x40 Middlewares/ST/STM32_USB_Device_Library/Class/CustomHID/Src/usbd_customhid.o
 .text.USBD_CUSTOM_HID_ReceivePacket
                0x00000000080082f0       0x34 Middlewares/ST/STM32_USB_Device_Library/Class/CustomHID/Src/usbd_customhid.o
                0x00000000080082f0                USBD_CUSTOM_HID_ReceivePacket
 .text.USBD_CUSTOM_HID_EP0_RxReady
                0x0000000008008324       0x46 Middlewares/ST/STM32_USB_Device_Library/Class/CustomHID/Src/usbd_customhid.o
 *fill*         0x000000000800836a        0x2 
 .text.USBD_CUSTOM_HID_GetDeviceQualifierDesc
                0x000000000800836c       0x20 Middlewares/ST/STM32_USB_Device_Library/Class/CustomHID/Src/usbd_customhid.o
 .text.USBD_CUSTOM_HID_RegisterInterface
                0x000000000800838c       0x2a Middlewares/ST/STM32_USB_Device_Library/Class/CustomHID/Src/usbd_customhid.o
                0x000000000800838c                USBD_CUSTOM_HID_RegisterInterface
 .text.USBD_Init
                0x00000000080083b6       0x60 Middlewares/ST/STM32_USB_Device_Library/Core/Src/usbd_core.o
                0x00000000080083b6                USBD_Init
 .text.USBD_RegisterClass
                0x0000000008008416       0x4e Middlewares/ST/STM32_USB_Device_Library/Core/Src/usbd_core.o
                0x0000000008008416                USBD_RegisterClass
 .text.USBD_Start
                0x0000000008008464       0x18 Middlewares/ST/STM32_USB_Device_Library/Core/Src/usbd_core.o
                0x0000000008008464                USBD_Start
 .text.USBD_RunTestMode
                0x000000000800847c       0x16 Middlewares/ST/STM32_USB_Device_Library/Core/Src/usbd_core.o
                0x000000000800847c                USBD_RunTestMode
 .text.USBD_SetClassConfig
                0x0000000008008492       0x38 Middlewares/ST/STM32_USB_Device_Library/Core/Src/usbd_core.o
                0x0000000008008492                USBD_SetClassConfig
 .text.USBD_ClrClassConfig
                0x00000000080084ca       0x30 Middlewares/ST/STM32_USB_Device_Library/Core/Src/usbd_core.o
                0x00000000080084ca                USBD_ClrClassConfig
 .text.USBD_LL_SetupStage
                0x00000000080084fa       0xaa Middlewares/ST/STM32_USB_Device_Library/Core/Src/usbd_core.o
                0x00000000080084fa                USBD_LL_SetupStage
 .text.USBD_LL_DataOutStage
                0x00000000080085a4       0xc6 Middlewares/ST/STM32_USB_Device_Library/Core/Src/usbd_core.o
                0x00000000080085a4                USBD_LL_DataOutStage
 .text.USBD_LL_DataInStage
                0x000000000800866a      0x12c Middlewares/ST/STM32_USB_Device_Library/Core/Src/usbd_core.o
                0x000000000800866a                USBD_LL_DataInStage
 .text.USBD_LL_Reset
                0x0000000008008796       0x9c Middlewares/ST/STM32_USB_Device_Library/Core/Src/usbd_core.o
                0x0000000008008796                USBD_LL_Reset
 .text.USBD_LL_SetSpeed
                0x0000000008008832       0x20 Middlewares/ST/STM32_USB_Device_Library/Core/Src/usbd_core.o
                0x0000000008008832                USBD_LL_SetSpeed
 .text.USBD_LL_Suspend
                0x0000000008008852       0x2c Middlewares/ST/STM32_USB_Device_Library/Core/Src/usbd_core.o
                0x0000000008008852                USBD_LL_Suspend
 .text.USBD_LL_Resume
                0x000000000800887e       0x30 Middlewares/ST/STM32_USB_Device_Library/Core/Src/usbd_core.o
                0x000000000800887e                USBD_LL_Resume
 .text.USBD_LL_SOF
                0x00000000080088ae       0x44 Middlewares/ST/STM32_USB_Device_Library/Core/Src/usbd_core.o
                0x00000000080088ae                USBD_LL_SOF
 .text.USBD_LL_IsoINIncomplete
                0x00000000080088f2       0x4c Middlewares/ST/STM32_USB_Device_Library/Core/Src/usbd_core.o
                0x00000000080088f2                USBD_LL_IsoINIncomplete
 .text.USBD_LL_IsoOUTIncomplete
                0x000000000800893e       0x4c Middlewares/ST/STM32_USB_Device_Library/Core/Src/usbd_core.o
                0x000000000800893e                USBD_LL_IsoOUTIncomplete
 .text.USBD_LL_DevConnected
                0x000000000800898a       0x16 Middlewares/ST/STM32_USB_Device_Library/Core/Src/usbd_core.o
                0x000000000800898a                USBD_LL_DevConnected
 .text.USBD_LL_DevDisconnected
                0x00000000080089a0       0x38 Middlewares/ST/STM32_USB_Device_Library/Core/Src/usbd_core.o
                0x00000000080089a0                USBD_LL_DevDisconnected
 .text.SWAPBYTE
                0x00000000080089d8       0x3c Middlewares/ST/STM32_USB_Device_Library/Core/Src/usbd_ctlreq.o
 .text.USBD_StdDevReq
                0x0000000008008a14       0xdc Middlewares/ST/STM32_USB_Device_Library/Core/Src/usbd_ctlreq.o
                0x0000000008008a14                USBD_StdDevReq
 .text.USBD_StdItfReq
                0x0000000008008af0       0x92 Middlewares/ST/STM32_USB_Device_Library/Core/Src/usbd_ctlreq.o
                0x0000000008008af0                USBD_StdItfReq
 .text.USBD_StdEPReq
                0x0000000008008b82      0x2c4 Middlewares/ST/STM32_USB_Device_Library/Core/Src/usbd_ctlreq.o
                0x0000000008008b82                USBD_StdEPReq
 *fill*         0x0000000008008e46        0x2 
 .text.USBD_GetDescriptor
                0x0000000008008e48      0x2d4 Middlewares/ST/STM32_USB_Device_Library/Core/Src/usbd_ctlreq.o
 .text.USBD_SetAddress
                0x000000000800911c       0x88 Middlewares/ST/STM32_USB_Device_Library/Core/Src/usbd_ctlreq.o
 .text.USBD_SetConfig
                0x00000000080091a4      0x14c Middlewares/ST/STM32_USB_Device_Library/Core/Src/usbd_ctlreq.o
 .text.USBD_GetConfig
                0x00000000080092f0       0x6c Middlewares/ST/STM32_USB_Device_Library/Core/Src/usbd_ctlreq.o
 .text.USBD_GetStatus
                0x000000000800935c       0x68 Middlewares/ST/STM32_USB_Device_Library/Core/Src/usbd_ctlreq.o
 .text.USBD_SetFeature
                0x00000000080093c4       0x28 Middlewares/ST/STM32_USB_Device_Library/Core/Src/usbd_ctlreq.o
 .text.USBD_ClrFeature
                0x00000000080093ec       0x44 Middlewares/ST/STM32_USB_Device_Library/Core/Src/usbd_ctlreq.o
 .text.USBD_ParseSetupRequest
                0x0000000008009430       0x74 Middlewares/ST/STM32_USB_Device_Library/Core/Src/usbd_ctlreq.o
                0x0000000008009430                USBD_ParseSetupRequest
 .text.USBD_CtlError
                0x00000000080094a4       0x22 Middlewares/ST/STM32_USB_Device_Library/Core/Src/usbd_ctlreq.o
                0x00000000080094a4                USBD_CtlError
 .text.USBD_GetString
                0x00000000080094c6       0x8c Middlewares/ST/STM32_USB_Device_Library/Core/Src/usbd_ctlreq.o
                0x00000000080094c6                USBD_GetString
 .text.USBD_GetLen
                0x0000000008009552       0x34 Middlewares/ST/STM32_USB_Device_Library/Core/Src/usbd_ctlreq.o
 .text.USBD_CtlSendData
                0x0000000008009586       0x36 Middlewares/ST/STM32_USB_Device_Library/Core/Src/usbd_ioreq.o
                0x0000000008009586                USBD_CtlSendData
 .text.USBD_CtlContinueSendData
                0x00000000080095bc       0x22 Middlewares/ST/STM32_USB_Device_Library/Core/Src/usbd_ioreq.o
                0x00000000080095bc                USBD_CtlContinueSendData
 .text.USBD_CtlPrepareRx
                0x00000000080095de       0x3a Middlewares/ST/STM32_USB_Device_Library/Core/Src/usbd_ioreq.o
                0x00000000080095de                USBD_CtlPrepareRx
 .text.USBD_CtlContinueRx
                0x0000000008009618       0x22 Middlewares/ST/STM32_USB_Device_Library/Core/Src/usbd_ioreq.o
                0x0000000008009618                USBD_CtlContinueRx
 .text.USBD_CtlSendStatus
                0x000000000800963a       0x26 Middlewares/ST/STM32_USB_Device_Library/Core/Src/usbd_ioreq.o
                0x000000000800963a                USBD_CtlSendStatus
 .text.USBD_CtlReceiveStatus
                0x0000000008009660       0x26 Middlewares/ST/STM32_USB_Device_Library/Core/Src/usbd_ioreq.o
                0x0000000008009660                USBD_CtlReceiveStatus
 *fill*         0x0000000008009686        0x2 
 .text.__NVIC_SetPriority
                0x0000000008009688       0x54 Middlewares/Third_Party/FreeRTOS/Source/CMSIS_RTOS_V2/cmsis_os2.o
 .text.SysTick_Handler
                0x00000000080096dc       0x20 Middlewares/Third_Party/FreeRTOS/Source/CMSIS_RTOS_V2/cmsis_os2.o
                0x00000000080096dc                SysTick_Handler
 .text.SVC_Setup
                0x00000000080096fc       0x12 Middlewares/Third_Party/FreeRTOS/Source/CMSIS_RTOS_V2/cmsis_os2.o
 *fill*         0x000000000800970e        0x2 
 .text.osKernelInitialize
                0x0000000008009710       0x48 Middlewares/Third_Party/FreeRTOS/Source/CMSIS_RTOS_V2/cmsis_os2.o
                0x0000000008009710                osKernelInitialize
 .text.osKernelStart
                0x0000000008009758       0x4c Middlewares/Third_Party/FreeRTOS/Source/CMSIS_RTOS_V2/cmsis_os2.o
                0x0000000008009758                osKernelStart
 .text.osThreadNew
                0x00000000080097a4      0x124 Middlewares/Third_Party/FreeRTOS/Source/CMSIS_RTOS_V2/cmsis_os2.o
                0x00000000080097a4                osThreadNew
 .text.osThreadFlagsSet
                0x00000000080098c8       0x9c Middlewares/Third_Party/FreeRTOS/Source/CMSIS_RTOS_V2/cmsis_os2.o
                0x00000000080098c8                osThreadFlagsSet
 .text.osThreadFlagsClear
                0x0000000008009964       0x7c Middlewares/Third_Party/FreeRTOS/Source/CMSIS_RTOS_V2/cmsis_os2.o
                0x0000000008009964                osThreadFlagsClear
 .text.osThreadFlagsGet
                0x00000000080099e0       0x42 Middlewares/Third_Party/FreeRTOS/Source/CMSIS_RTOS_V2/cmsis_os2.o
                0x00000000080099e0                osThreadFlagsGet
 .text.osThreadFlagsWait
                0x0000000008009a22      0x102 Middlewares/Third_Party/FreeRTOS/Source/CMSIS_RTOS_V2/cmsis_os2.o
                0x0000000008009a22                osThreadFlagsWait
 .text.osDelay  0x0000000008009b24       0x36 Middlewares/Third_Party/FreeRTOS/Source/CMSIS_RTOS_V2/cmsis_os2.o
                0x0000000008009b24                osDelay
 .text.osSemaphoreNew
                0x0000000008009b5a      0x112 Middlewares/Third_Party/FreeRTOS/Source/CMSIS_RTOS_V2/cmsis_os2.o
                0x0000000008009b5a                osSemaphoreNew
 .text.osSemaphoreAcquire
                0x0000000008009c6c       0xa4 Middlewares/Third_Party/FreeRTOS/Source/CMSIS_RTOS_V2/cmsis_os2.o
                0x0000000008009c6c                osSemaphoreAcquire
 .text.osSemaphoreRelease
                0x0000000008009d10       0x88 Middlewares/Third_Party/FreeRTOS/Source/CMSIS_RTOS_V2/cmsis_os2.o
                0x0000000008009d10                osSemaphoreRelease
 .text.vApplicationGetIdleTaskMemory
                0x0000000008009d98       0x34 Middlewares/Third_Party/FreeRTOS/Source/CMSIS_RTOS_V2/cmsis_os2.o
                0x0000000008009d98                vApplicationGetIdleTaskMemory
 .text.vApplicationGetTimerTaskMemory
                0x0000000008009dcc       0x34 Middlewares/Third_Party/FreeRTOS/Source/CMSIS_RTOS_V2/cmsis_os2.o
                0x0000000008009dcc                vApplicationGetTimerTaskMemory
 .text.vListInitialise
                0x0000000008009e00       0x40 Middlewares/Third_Party/FreeRTOS/Source/list.o
                0x0000000008009e00                vListInitialise
 .text.vListInitialiseItem
                0x0000000008009e40       0x1a Middlewares/Third_Party/FreeRTOS/Source/list.o
                0x0000000008009e40                vListInitialiseItem
 .text.vListInsertEnd
                0x0000000008009e5a       0x48 Middlewares/Third_Party/FreeRTOS/Source/list.o
                0x0000000008009e5a                vListInsertEnd
 .text.vListInsert
                0x0000000008009ea2       0x72 Middlewares/Third_Party/FreeRTOS/Source/list.o
                0x0000000008009ea2                vListInsert
 .text.uxListRemove
                0x0000000008009f14       0x54 Middlewares/Third_Party/FreeRTOS/Source/list.o
                0x0000000008009f14                uxListRemove
 .text.xQueueGenericReset
                0x0000000008009f68       0xd0 Middlewares/Third_Party/FreeRTOS/Source/queue.o
                0x0000000008009f68                xQueueGenericReset
 .text.xQueueGenericCreateStatic
                0x000000000800a038       0xf0 Middlewares/Third_Party/FreeRTOS/Source/queue.o
                0x000000000800a038                xQueueGenericCreateStatic
 .text.xQueueGenericCreate
                0x000000000800a128       0x74 Middlewares/Third_Party/FreeRTOS/Source/queue.o
                0x000000000800a128                xQueueGenericCreate
 .text.prvInitialiseNewQueue
                0x000000000800a19c       0x46 Middlewares/Third_Party/FreeRTOS/Source/queue.o
 .text.xQueueCreateCountingSemaphoreStatic
                0x000000000800a1e2       0x6e Middlewares/Third_Party/FreeRTOS/Source/queue.o
                0x000000000800a1e2                xQueueCreateCountingSemaphoreStatic
 .text.xQueueCreateCountingSemaphore
                0x000000000800a250       0x66 Middlewares/Third_Party/FreeRTOS/Source/queue.o
                0x000000000800a250                xQueueCreateCountingSemaphore
 *fill*         0x000000000800a2b6        0x2 
 .text.xQueueGenericSend
                0x000000000800a2b8      0x1fc Middlewares/Third_Party/FreeRTOS/Source/queue.o
                0x000000000800a2b8                xQueueGenericSend
 .text.xQueueGenericSendFromISR
                0x000000000800a4b4      0x136 Middlewares/Third_Party/FreeRTOS/Source/queue.o
                0x000000000800a4b4                xQueueGenericSendFromISR
 .text.xQueueGiveFromISR
                0x000000000800a5ea      0x11a Middlewares/Third_Party/FreeRTOS/Source/queue.o
                0x000000000800a5ea                xQueueGiveFromISR
 .text.xQueueReceive
                0x000000000800a704      0x1c0 Middlewares/Third_Party/FreeRTOS/Source/queue.o
                0x000000000800a704                xQueueReceive
 .text.xQueueSemaphoreTake
                0x000000000800a8c4      0x218 Middlewares/Third_Party/FreeRTOS/Source/queue.o
                0x000000000800a8c4                xQueueSemaphoreTake
 .text.xQueueReceiveFromISR
                0x000000000800aadc      0x100 Middlewares/Third_Party/FreeRTOS/Source/queue.o
                0x000000000800aadc                xQueueReceiveFromISR
 .text.vQueueDelete
                0x000000000800abdc       0x46 Middlewares/Third_Party/FreeRTOS/Source/queue.o
                0x000000000800abdc                vQueueDelete
 .text.prvGetDisinheritPriorityAfterTimeout
                0x000000000800ac22       0x30 Middlewares/Third_Party/FreeRTOS/Source/queue.o
 .text.prvCopyDataToQueue
                0x000000000800ac52       0xd4 Middlewares/Third_Party/FreeRTOS/Source/queue.o
 .text.prvCopyDataFromQueue
                0x000000000800ad26       0x4c Middlewares/Third_Party/FreeRTOS/Source/queue.o
 .text.prvUnlockQueue
                0x000000000800ad72       0xa4 Middlewares/Third_Party/FreeRTOS/Source/queue.o
 .text.prvIsQueueEmpty
                0x000000000800ae16       0x2c Middlewares/Third_Party/FreeRTOS/Source/queue.o
 .text.prvIsQueueFull
                0x000000000800ae42       0x30 Middlewares/Third_Party/FreeRTOS/Source/queue.o
 *fill*         0x000000000800ae72        0x2 
 .text.vQueueAddToRegistry
                0x000000000800ae74       0x54 Middlewares/Third_Party/FreeRTOS/Source/queue.o
                0x000000000800ae74                vQueueAddToRegistry
 .text.vQueueUnregisterQueue
                0x000000000800aec8       0x54 Middlewares/Third_Party/FreeRTOS/Source/queue.o
                0x000000000800aec8                vQueueUnregisterQueue
 .text.vQueueWaitForMessageRestricted
                0x000000000800af1c       0x68 Middlewares/Third_Party/FreeRTOS/Source/queue.o
                0x000000000800af1c                vQueueWaitForMessageRestricted
 .text.xTaskCreateStatic
                0x000000000800af84       0xba Middlewares/Third_Party/FreeRTOS/Source/tasks.o
                0x000000000800af84                xTaskCreateStatic
 .text.xTaskCreate
                0x000000000800b03e       0x8a Middlewares/Third_Party/FreeRTOS/Source/tasks.o
                0x000000000800b03e                xTaskCreate
 .text.prvInitialiseNewTask
                0x000000000800b0c8      0x11e Middlewares/Third_Party/FreeRTOS/Source/tasks.o
 *fill*         0x000000000800b1e6        0x2 
 .text.prvAddNewTaskToReadyList
                0x000000000800b1e8       0xe0 Middlewares/Third_Party/FreeRTOS/Source/tasks.o
 .text.vTaskDelay
                0x000000000800b2c8       0x68 Middlewares/Third_Party/FreeRTOS/Source/tasks.o
                0x000000000800b2c8                vTaskDelay
 .text.vTaskStartScheduler
                0x000000000800b330       0xcc Middlewares/Third_Party/FreeRTOS/Source/tasks.o
                0x000000000800b330                vTaskStartScheduler
 .text.vTaskSuspendAll
                0x000000000800b3fc       0x1c Middlewares/Third_Party/FreeRTOS/Source/tasks.o
                0x000000000800b3fc                vTaskSuspendAll
 .text.xTaskResumeAll
                0x000000000800b418      0x13c Middlewares/Third_Party/FreeRTOS/Source/tasks.o
                0x000000000800b418                xTaskResumeAll
 .text.xTaskGetTickCount
                0x000000000800b554       0x20 Middlewares/Third_Party/FreeRTOS/Source/tasks.o
                0x000000000800b554                xTaskGetTickCount
 .text.xTaskIncrementTick
                0x000000000800b574      0x174 Middlewares/Third_Party/FreeRTOS/Source/tasks.o
                0x000000000800b574                xTaskIncrementTick
 .text.vTaskSwitchContext
                0x000000000800b6e8       0xbc Middlewares/Third_Party/FreeRTOS/Source/tasks.o
                0x000000000800b6e8                vTaskSwitchContext
 .text.vTaskPlaceOnEventList
                0x000000000800b7a4       0x48 Middlewares/Third_Party/FreeRTOS/Source/tasks.o
                0x000000000800b7a4                vTaskPlaceOnEventList
 .text.vTaskPlaceOnEventListRestricted
                0x000000000800b7ec       0x58 Middlewares/Third_Party/FreeRTOS/Source/tasks.o
                0x000000000800b7ec                vTaskPlaceOnEventListRestricted
 .text.xTaskRemoveFromEventList
                0x000000000800b844       0xc8 Middlewares/Third_Party/FreeRTOS/Source/tasks.o
                0x000000000800b844                xTaskRemoveFromEventList
 .text.vTaskInternalSetTimeOutState
                0x000000000800b90c       0x2c Middlewares/Third_Party/FreeRTOS/Source/tasks.o
                0x000000000800b90c                vTaskInternalSetTimeOutState
 .text.xTaskCheckForTimeOut
                0x000000000800b938       0xc4 Middlewares/Third_Party/FreeRTOS/Source/tasks.o
                0x000000000800b938                xTaskCheckForTimeOut
 .text.vTaskMissedYield
                0x000000000800b9fc       0x18 Middlewares/Third_Party/FreeRTOS/Source/tasks.o
                0x000000000800b9fc                vTaskMissedYield
 .text.prvIdleTask
                0x000000000800ba14       0x30 Middlewares/Third_Party/FreeRTOS/Source/tasks.o
 .text.prvInitialiseTaskLists
                0x000000000800ba44       0x80 Middlewares/Third_Party/FreeRTOS/Source/tasks.o
 .text.prvCheckTasksWaitingTermination
                0x000000000800bac4       0x5c Middlewares/Third_Party/FreeRTOS/Source/tasks.o
 .text.prvDeleteTCB
                0x000000000800bb20       0x5e Middlewares/Third_Party/FreeRTOS/Source/tasks.o
 *fill*         0x000000000800bb7e        0x2 
 .text.prvResetNextTaskUnblockTime
                0x000000000800bb80       0x40 Middlewares/Third_Party/FreeRTOS/Source/tasks.o
 .text.xTaskGetCurrentTaskHandle
                0x000000000800bbc0       0x20 Middlewares/Third_Party/FreeRTOS/Source/tasks.o
                0x000000000800bbc0                xTaskGetCurrentTaskHandle
 .text.xTaskGetSchedulerState
                0x000000000800bbe0       0x3c Middlewares/Third_Party/FreeRTOS/Source/tasks.o
                0x000000000800bbe0                xTaskGetSchedulerState
 .text.xTaskPriorityInherit
                0x000000000800bc1c       0xd0 Middlewares/Third_Party/FreeRTOS/Source/tasks.o
                0x000000000800bc1c                xTaskPriorityInherit
 .text.xTaskPriorityDisinherit
                0x000000000800bcec       0xdc Middlewares/Third_Party/FreeRTOS/Source/tasks.o
                0x000000000800bcec                xTaskPriorityDisinherit
 .text.vTaskPriorityDisinheritAfterTimeout
                0x000000000800bdc8      0x104 Middlewares/Third_Party/FreeRTOS/Source/tasks.o
                0x000000000800bdc8                vTaskPriorityDisinheritAfterTimeout
 .text.pvTaskIncrementMutexHeldCount
                0x000000000800becc       0x28 Middlewares/Third_Party/FreeRTOS/Source/tasks.o
                0x000000000800becc                pvTaskIncrementMutexHeldCount
 .text.xTaskNotifyWait
                0x000000000800bef4       0xb4 Middlewares/Third_Party/FreeRTOS/Source/tasks.o
                0x000000000800bef4                xTaskNotifyWait
 .text.xTaskGenericNotify
                0x000000000800bfa8      0x170 Middlewares/Third_Party/FreeRTOS/Source/tasks.o
                0x000000000800bfa8                xTaskGenericNotify
 .text.xTaskGenericNotifyFromISR
                0x000000000800c118      0x1b8 Middlewares/Third_Party/FreeRTOS/Source/tasks.o
                0x000000000800c118                xTaskGenericNotifyFromISR
 .text.prvAddCurrentTaskToDelayedList
                0x000000000800c2d0       0xa8 Middlewares/Third_Party/FreeRTOS/Source/tasks.o
 .text.xTimerCreateTimerTask
                0x000000000800c378       0x90 Middlewares/Third_Party/FreeRTOS/Source/timers.o
                0x000000000800c378                xTimerCreateTimerTask
 .text.xTimerGenericCommand
                0x000000000800c408       0x9c Middlewares/Third_Party/FreeRTOS/Source/timers.o
                0x000000000800c408                xTimerGenericCommand
 .text.prvProcessExpiredTimer
                0x000000000800c4a4       0x98 Middlewares/Third_Party/FreeRTOS/Source/timers.o
 .text.prvTimerTask
                0x000000000800c53c       0x24 Middlewares/Third_Party/FreeRTOS/Source/timers.o
 .text.prvProcessTimerOrBlockTask
                0x000000000800c560       0x9c Middlewares/Third_Party/FreeRTOS/Source/timers.o
 .text.prvGetNextExpireTime
                0x000000000800c5fc       0x48 Middlewares/Third_Party/FreeRTOS/Source/timers.o
 .text.prvSampleTimeNow
                0x000000000800c644       0x40 Middlewares/Third_Party/FreeRTOS/Source/timers.o
 .text.prvInsertTimerInActiveList
                0x000000000800c684       0x84 Middlewares/Third_Party/FreeRTOS/Source/timers.o
 .text.prvProcessReceivedCommands
                0x000000000800c708      0x1c4 Middlewares/Third_Party/FreeRTOS/Source/timers.o
 .text.prvSwitchTimerLists
                0x000000000800c8cc       0xc8 Middlewares/Third_Party/FreeRTOS/Source/timers.o
 .text.prvCheckForValidListAndQueue
                0x000000000800c994       0x80 Middlewares/Third_Party/FreeRTOS/Source/timers.o
 .text.pxPortInitialiseStack
                0x000000000800ca14       0x68 Middlewares/Third_Party/FreeRTOS/Source/portable/GCC/ARM_CM4F/port.o
                0x000000000800ca14                pxPortInitialiseStack
 .text.prvTaskExitError
                0x000000000800ca7c       0x58 Middlewares/Third_Party/FreeRTOS/Source/portable/GCC/ARM_CM4F/port.o
 *fill*         0x000000000800cad4        0xc 
 .text.SVC_Handler
                0x000000000800cae0       0x28 Middlewares/Third_Party/FreeRTOS/Source/portable/GCC/ARM_CM4F/port.o
                0x000000000800cae0                SVC_Handler
 .text.prvPortStartFirstTask
                0x000000000800cb08       0x28 Middlewares/Third_Party/FreeRTOS/Source/portable/GCC/ARM_CM4F/port.o
 .text.xPortStartScheduler
                0x000000000800cb30      0x144 Middlewares/Third_Party/FreeRTOS/Source/portable/GCC/ARM_CM4F/port.o
                0x000000000800cb30                xPortStartScheduler
 .text.vPortEnterCritical
                0x000000000800cc74       0x60 Middlewares/Third_Party/FreeRTOS/Source/portable/GCC/ARM_CM4F/port.o
                0x000000000800cc74                vPortEnterCritical
 .text.vPortExitCritical
                0x000000000800ccd4       0x54 Middlewares/Third_Party/FreeRTOS/Source/portable/GCC/ARM_CM4F/port.o
                0x000000000800ccd4                vPortExitCritical
 *fill*         0x000000000800cd28        0x8 
 .text.PendSV_Handler
                0x000000000800cd30       0x68 Middlewares/Third_Party/FreeRTOS/Source/portable/GCC/ARM_CM4F/port.o
                0x000000000800cd30                PendSV_Handler
 .text.xPortSysTickHandler
                0x000000000800cd98       0x44 Middlewares/Third_Party/FreeRTOS/Source/portable/GCC/ARM_CM4F/port.o
                0x000000000800cd98                xPortSysTickHandler
 .text.vPortSetupTimerInterrupt
                0x000000000800cddc       0x48 Middlewares/Third_Party/FreeRTOS/Source/portable/GCC/ARM_CM4F/port.o
                0x000000000800cddc                vPortSetupTimerInterrupt
 .text.vPortEnableVFP
                0x000000000800ce24       0x14 Middlewares/Third_Party/FreeRTOS/Source/portable/GCC/ARM_CM4F/port.o
 .text.vPortValidateInterruptPriority
                0x000000000800ce38       0x80 Middlewares/Third_Party/FreeRTOS/Source/portable/GCC/ARM_CM4F/port.o
                0x000000000800ce38                vPortValidateInterruptPriority
 .text.pvPortMalloc
                0x000000000800ceb8      0x198 Middlewares/Third_Party/FreeRTOS/Source/portable/MemMang/heap_4.o
                0x000000000800ceb8                pvPortMalloc
 .text.vPortFree
                0x000000000800d050       0xc4 Middlewares/Third_Party/FreeRTOS/Source/portable/MemMang/heap_4.o
                0x000000000800d050                vPortFree
 .text.prvHeapInit
                0x000000000800d114       0xc4 Middlewares/Third_Party/FreeRTOS/Source/portable/MemMang/heap_4.o
 .text.prvInsertBlockIntoFreeList
                0x000000000800d1d8       0xb4 Middlewares/Third_Party/FreeRTOS/Source/portable/MemMang/heap_4.o
 .text.MX_USB_DEVICE_Init
                0x000000000800d28c       0x60 USB_DEVICE/App/usb_device.o
                0x000000000800d28c                MX_USB_DEVICE_Init
 .text.CUSTOM_HID_Init_FS
                0x000000000800d2ec       0x10 USB_DEVICE/App/usbd_custom_hid_if.o
 .text.CUSTOM_HID_DeInit_FS
                0x000000000800d2fc       0x10 USB_DEVICE/App/usbd_custom_hid_if.o
 .text.CUSTOM_HID_OutEvent_FS
                0x000000000800d30c       0x24 USB_DEVICE/App/usbd_custom_hid_if.o
 .text.USBD_FS_DeviceDescriptor
                0x000000000800d330       0x24 USB_DEVICE/App/usbd_desc.o
                0x000000000800d330                USBD_FS_DeviceDescriptor
 .text.USBD_FS_LangIDStrDescriptor
                0x000000000800d354       0x24 USB_DEVICE/App/usbd_desc.o
                0x000000000800d354                USBD_FS_LangIDStrDescriptor
 .text.USBD_FS_ProductStrDescriptor
                0x000000000800d378       0x3c USB_DEVICE/App/usbd_desc.o
                0x000000000800d378                USBD_FS_ProductStrDescriptor
 .text.USBD_FS_ManufacturerStrDescriptor
                0x000000000800d3b4       0x28 USB_DEVICE/App/usbd_desc.o
                0x000000000800d3b4                USBD_FS_ManufacturerStrDescriptor
 .text.USBD_FS_SerialStrDescriptor
                0x000000000800d3dc       0x24 USB_DEVICE/App/usbd_desc.o
                0x000000000800d3dc                USBD_FS_SerialStrDescriptor
 .text.USBD_FS_ConfigStrDescriptor
                0x000000000800d400       0x3c USB_DEVICE/App/usbd_desc.o
                0x000000000800d400                USBD_FS_ConfigStrDescriptor
 .text.USBD_FS_InterfaceStrDescriptor
                0x000000000800d43c       0x3c USB_DEVICE/App/usbd_desc.o
                0x000000000800d43c                USBD_FS_InterfaceStrDescriptor
 .text.Get_SerialNum
                0x000000000800d478       0x58 USB_DEVICE/App/usbd_desc.o
 .text.IntToUnicode
                0x000000000800d4d0       0x7e USB_DEVICE/App/usbd_desc.o
 *fill*         0x000000000800d54e        0x2 
 .text.HAL_PCD_MspInit
                0x000000000800d550       0xa8 USB_DEVICE/Target/usbd_conf.o
                0x000000000800d550                HAL_PCD_MspInit
 .text.HAL_PCD_SetupStageCallback
                0x000000000800d5f8       0x24 USB_DEVICE/Target/usbd_conf.o
                0x000000000800d5f8                HAL_PCD_SetupStageCallback
 .text.HAL_PCD_DataOutStageCallback
                0x000000000800d61c       0x36 USB_DEVICE/Target/usbd_conf.o
                0x000000000800d61c                HAL_PCD_DataOutStageCallback
 .text.HAL_PCD_DataInStageCallback
                0x000000000800d652       0x34 USB_DEVICE/Target/usbd_conf.o
                0x000000000800d652                HAL_PCD_DataInStageCallback
 .text.HAL_PCD_SOFCallback
                0x000000000800d686       0x1c USB_DEVICE/Target/usbd_conf.o
                0x000000000800d686                HAL_PCD_SOFCallback
 .text.HAL_PCD_ResetCallback
                0x000000000800d6a2       0x50 USB_DEVICE/Target/usbd_conf.o
                0x000000000800d6a2                HAL_PCD_ResetCallback
 *fill*         0x000000000800d6f2        0x2 
 .text.HAL_PCD_SuspendCallback
                0x000000000800d6f4       0x4c USB_DEVICE/Target/usbd_conf.o
                0x000000000800d6f4                HAL_PCD_SuspendCallback
 .text.HAL_PCD_ResumeCallback
                0x000000000800d740       0x1c USB_DEVICE/Target/usbd_conf.o
                0x000000000800d740                HAL_PCD_ResumeCallback
 .text.HAL_PCD_ISOOUTIncompleteCallback
                0x000000000800d75c       0x24 USB_DEVICE/Target/usbd_conf.o
                0x000000000800d75c                HAL_PCD_ISOOUTIncompleteCallback
 .text.HAL_PCD_ISOINIncompleteCallback
                0x000000000800d780       0x24 USB_DEVICE/Target/usbd_conf.o
                0x000000000800d780                HAL_PCD_ISOINIncompleteCallback
 .text.HAL_PCD_ConnectCallback
                0x000000000800d7a4       0x1c USB_DEVICE/Target/usbd_conf.o
                0x000000000800d7a4                HAL_PCD_ConnectCallback
 .text.HAL_PCD_DisconnectCallback
                0x000000000800d7c0       0x1c USB_DEVICE/Target/usbd_conf.o
                0x000000000800d7c0                HAL_PCD_DisconnectCallback
 .text.USBD_LL_Init
                0x000000000800d7dc       0x98 USB_DEVICE/Target/usbd_conf.o
                0x000000000800d7dc                USBD_LL_Init
 .text.USBD_LL_Start
                0x000000000800d874       0x36 USB_DEVICE/Target/usbd_conf.o
                0x000000000800d874                USBD_LL_Start
 .text.USBD_LL_OpenEP
                0x000000000800d8aa       0x4c USB_DEVICE/Target/usbd_conf.o
                0x000000000800d8aa                USBD_LL_OpenEP
 .text.USBD_LL_CloseEP
                0x000000000800d8f6       0x3e USB_DEVICE/Target/usbd_conf.o
                0x000000000800d8f6                USBD_LL_CloseEP
 .text.USBD_LL_StallEP
                0x000000000800d934       0x3e USB_DEVICE/Target/usbd_conf.o
                0x000000000800d934                USBD_LL_StallEP
 .text.USBD_LL_ClearStallEP
                0x000000000800d972       0x3e USB_DEVICE/Target/usbd_conf.o
                0x000000000800d972                USBD_LL_ClearStallEP
 .text.USBD_LL_IsStallEP
                0x000000000800d9b0       0x58 USB_DEVICE/Target/usbd_conf.o
                0x000000000800d9b0                USBD_LL_IsStallEP
 .text.USBD_LL_SetUSBAddress
                0x000000000800da08       0x3e USB_DEVICE/Target/usbd_conf.o
                0x000000000800da08                USBD_LL_SetUSBAddress
 .text.USBD_LL_Transmit
                0x000000000800da46       0x42 USB_DEVICE/Target/usbd_conf.o
                0x000000000800da46                USBD_LL_Transmit
 .text.USBD_LL_PrepareReceive
                0x000000000800da88       0x42 USB_DEVICE/Target/usbd_conf.o
                0x000000000800da88                USBD_LL_PrepareReceive
 *fill*         0x000000000800daca        0x2 
 .text.USBD_static_malloc
                0x000000000800dacc       0x1c USB_DEVICE/Target/usbd_conf.o
                0x000000000800dacc                USBD_static_malloc
 .text.USBD_static_free
                0x000000000800dae8       0x14 USB_DEVICE/Target/usbd_conf.o
                0x000000000800dae8                USBD_static_free
 .text.USBD_Get_USB_Status
                0x000000000800dafc       0x58 USB_DEVICE/Target/usbd_conf.o
                0x000000000800dafc                USBD_Get_USB_Status
 .text.__errno  0x000000000800db54        0xc c:/st/stm32cubeide_1.6.1/stm32cubeide/plugins/com.st.stm32cube.ide.mcu.externaltools.gnu-tools-for-stm32.9-2020-q2-update.win32_1.5.0.202011040924/tools/bin/../lib/gcc/arm-none-eabi/9.3.1/../../../../arm-none-eabi/lib/thumb/v7e-m+fp/hard\libc_nano.a(lib_a-errno.o)
                0x000000000800db54                __errno
 .text.__libc_init_array
                0x000000000800db60       0x48 c:/st/stm32cubeide_1.6.1/stm32cubeide/plugins/com.st.stm32cube.ide.mcu.externaltools.gnu-tools-for-stm32.9-2020-q2-update.win32_1.5.0.202011040924/tools/bin/../lib/gcc/arm-none-eabi/9.3.1/../../../../arm-none-eabi/lib/thumb/v7e-m+fp/hard\libc_nano.a(lib_a-init.o)
                0x000000000800db60                __libc_init_array
 .text.memcpy   0x000000000800dba8       0x1c c:/st/stm32cubeide_1.6.1/stm32cubeide/plugins/com.st.stm32cube.ide.mcu.externaltools.gnu-tools-for-stm32.9-2020-q2-update.win32_1.5.0.202011040924/tools/bin/../lib/gcc/arm-none-eabi/9.3.1/../../../../arm-none-eabi/lib/thumb/v7e-m+fp/hard\libc_nano.a(lib_a-memcpy-stub.o)
                0x000000000800dba8                memcpy
 .text.memset   0x000000000800dbc4       0x10 c:/st/stm32cubeide_1.6.1/stm32cubeide/plugins/com.st.stm32cube.ide.mcu.externaltools.gnu-tools-for-stm32.9-2020-q2-update.win32_1.5.0.202011040924/tools/bin/../lib/gcc/arm-none-eabi/9.3.1/../../../../arm-none-eabi/lib/thumb/v7e-m+fp/hard\libc_nano.a(lib_a-memset.o)
                0x000000000800dbc4                memset
 .text.setvbuf  0x000000000800dbd4      0x18c c:/st/stm32cubeide_1.6.1/stm32cubeide/plugins/com.st.stm32cube.ide.mcu.externaltools.gnu-tools-for-stm32.9-2020-q2-update.win32_1.5.0.202011040924/tools/bin/../lib/gcc/arm-none-eabi/9.3.1/../../../../arm-none-eabi/lib/thumb/v7e-m+fp/hard\libc_nano.a(lib_a-setvbuf.o)
                0x000000000800dbd4                setvbuf
 .text.__sflush_r
                0x000000000800dd60      0x10c c:/st/stm32cubeide_1.6.1/stm32cubeide/plugins/com.st.stm32cube.ide.mcu.externaltools.gnu-tools-for-stm32.9-2020-q2-update.win32_1.5.0.202011040924/tools/bin/../lib/gcc/arm-none-eabi/9.3.1/../../../../arm-none-eabi/lib/thumb/v7e-m+fp/hard\libc_nano.a(lib_a-fflush.o)
                0x000000000800dd60                __sflush_r
 .text._fflush_r
                0x000000000800de6c       0x78 c:/st/stm32cubeide_1.6.1/stm32cubeide/plugins/com.st.stm32cube.ide.mcu.externaltools.gnu-tools-for-stm32.9-2020-q2-update.win32_1.5.0.202011040924/tools/bin/../lib/gcc/arm-none-eabi/9.3.1/../../../../arm-none-eabi/lib/thumb/v7e-m+fp/hard\libc_nano.a(lib_a-fflush.o)
                0x000000000800de6c                _fflush_r
 .text.std      0x000000000800dee4       0x48 c:/st/stm32cubeide_1.6.1/stm32cubeide/plugins/com.st.stm32cube.ide.mcu.externaltools.gnu-tools-for-stm32.9-2020-q2-update.win32_1.5.0.202011040924/tools/bin/../lib/gcc/arm-none-eabi/9.3.1/../../../../arm-none-eabi/lib/thumb/v7e-m+fp/hard\libc_nano.a(lib_a-findfp.o)
 .text._cleanup_r
                0x000000000800df2c        0xc c:/st/stm32cubeide_1.6.1/stm32cubeide/plugins/com.st.stm32cube.ide.mcu.externaltools.gnu-tools-for-stm32.9-2020-q2-update.win32_1.5.0.202011040924/tools/bin/../lib/gcc/arm-none-eabi/9.3.1/../../../../arm-none-eabi/lib/thumb/v7e-m+fp/hard\libc_nano.a(lib_a-findfp.o)
                0x000000000800df2c                _cleanup_r
 .text.__sfmoreglue
                0x000000000800df38       0x2c c:/st/stm32cubeide_1.6.1/stm32cubeide/plugins/com.st.stm32cube.ide.mcu.externaltools.gnu-tools-for-stm32.9-2020-q2-update.win32_1.5.0.202011040924/tools/bin/../lib/gcc/arm-none-eabi/9.3.1/../../../../arm-none-eabi/lib/thumb/v7e-m+fp/hard\libc_nano.a(lib_a-findfp.o)
                0x000000000800df38                __sfmoreglue
 .text.__sfp_lock_acquire
                0x000000000800df64        0xc c:/st/stm32cubeide_1.6.1/stm32cubeide/plugins/com.st.stm32cube.ide.mcu.externaltools.gnu-tools-for-stm32.9-2020-q2-update.win32_1.5.0.202011040924/tools/bin/../lib/gcc/arm-none-eabi/9.3.1/../../../../arm-none-eabi/lib/thumb/v7e-m+fp/hard\libc_nano.a(lib_a-findfp.o)
                0x000000000800df64                __sfp_lock_acquire
 .text.__sfp_lock_release
                0x000000000800df70        0xc c:/st/stm32cubeide_1.6.1/stm32cubeide/plugins/com.st.stm32cube.ide.mcu.externaltools.gnu-tools-for-stm32.9-2020-q2-update.win32_1.5.0.202011040924/tools/bin/../lib/gcc/arm-none-eabi/9.3.1/../../../../arm-none-eabi/lib/thumb/v7e-m+fp/hard\libc_nano.a(lib_a-findfp.o)
                0x000000000800df70                __sfp_lock_release
 .text.__sinit_lock_acquire
                0x000000000800df7c        0xc c:/st/stm32cubeide_1.6.1/stm32cubeide/plugins/com.st.stm32cube.ide.mcu.externaltools.gnu-tools-for-stm32.9-2020-q2-update.win32_1.5.0.202011040924/tools/bin/../lib/gcc/arm-none-eabi/9.3.1/../../../../arm-none-eabi/lib/thumb/v7e-m+fp/hard\libc_nano.a(lib_a-findfp.o)
                0x000000000800df7c                __sinit_lock_acquire
 .text.__sinit_lock_release
                0x000000000800df88        0xc c:/st/stm32cubeide_1.6.1/stm32cubeide/plugins/com.st.stm32cube.ide.mcu.externaltools.gnu-tools-for-stm32.9-2020-q2-update.win32_1.5.0.202011040924/tools/bin/../lib/gcc/arm-none-eabi/9.3.1/../../../../arm-none-eabi/lib/thumb/v7e-m+fp/hard\libc_nano.a(lib_a-findfp.o)
                0x000000000800df88                __sinit_lock_release
 .text.__sinit  0x000000000800df94       0x70 c:/st/stm32cubeide_1.6.1/stm32cubeide/plugins/com.st.stm32cube.ide.mcu.externaltools.gnu-tools-for-stm32.9-2020-q2-update.win32_1.5.0.202011040924/tools/bin/../lib/gcc/arm-none-eabi/9.3.1/../../../../arm-none-eabi/lib/thumb/v7e-m+fp/hard\libc_nano.a(lib_a-findfp.o)
                0x000000000800df94                __sinit
 .text.__sfp    0x000000000800e004       0x8c c:/st/stm32cubeide_1.6.1/stm32cubeide/plugins/com.st.stm32cube.ide.mcu.externaltools.gnu-tools-for-stm32.9-2020-q2-update.win32_1.5.0.202011040924/tools/bin/../lib/gcc/arm-none-eabi/9.3.1/../../../../arm-none-eabi/lib/thumb/v7e-m+fp/hard\libc_nano.a(lib_a-findfp.o)
                0x000000000800e004                __sfp
 .text._fwalk_reent
                0x000000000800e090       0x3e c:/st/stm32cubeide_1.6.1/stm32cubeide/plugins/com.st.stm32cube.ide.mcu.externaltools.gnu-tools-for-stm32.9-2020-q2-update.win32_1.5.0.202011040924/tools/bin/../lib/gcc/arm-none-eabi/9.3.1/../../../../arm-none-eabi/lib/thumb/v7e-m+fp/hard\libc_nano.a(lib_a-fwalk.o)
                0x000000000800e090                _fwalk_reent
 .text.__retarget_lock_init_recursive
                0x000000000800e0ce        0x2 c:/st/stm32cubeide_1.6.1/stm32cubeide/plugins/com.st.stm32cube.ide.mcu.externaltools.gnu-tools-for-stm32.9-2020-q2-update.win32_1.5.0.202011040924/tools/bin/../lib/gcc/arm-none-eabi/9.3.1/../../../../arm-none-eabi/lib/thumb/v7e-m+fp/hard\libc_nano.a(lib_a-lock.o)
                0x000000000800e0ce                __retarget_lock_init_recursive
 .text.__retarget_lock_acquire_recursive
                0x000000000800e0d0        0x2 c:/st/stm32cubeide_1.6.1/stm32cubeide/plugins/com.st.stm32cube.ide.mcu.externaltools.gnu-tools-for-stm32.9-2020-q2-update.win32_1.5.0.202011040924/tools/bin/../lib/gcc/arm-none-eabi/9.3.1/../../../../arm-none-eabi/lib/thumb/v7e-m+fp/hard\libc_nano.a(lib_a-lock.o)
                0x000000000800e0d0                __retarget_lock_acquire_recursive
 .text.__retarget_lock_release_recursive
                0x000000000800e0d2        0x2 c:/st/stm32cubeide_1.6.1/stm32cubeide/plugins/com.st.stm32cube.ide.mcu.externaltools.gnu-tools-for-stm32.9-2020-q2-update.win32_1.5.0.202011040924/tools/bin/../lib/gcc/arm-none-eabi/9.3.1/../../../../arm-none-eabi/lib/thumb/v7e-m+fp/hard\libc_nano.a(lib_a-lock.o)
                0x000000000800e0d2                __retarget_lock_release_recursive
 .text.__swhatbuf_r
                0x000000000800e0d4       0x48 c:/st/stm32cubeide_1.6.1/stm32cubeide/plugins/com.st.stm32cube.ide.mcu.externaltools.gnu-tools-for-stm32.9-2020-q2-update.win32_1.5.0.202011040924/tools/bin/../lib/gcc/arm-none-eabi/9.3.1/../../../../arm-none-eabi/lib/thumb/v7e-m+fp/hard\libc_nano.a(lib_a-makebuf.o)
                0x000000000800e0d4                __swhatbuf_r
 .text.malloc   0x000000000800e11c       0x10 c:/st/stm32cubeide_1.6.1/stm32cubeide/plugins/com.st.stm32cube.ide.mcu.externaltools.gnu-tools-for-stm32.9-2020-q2-update.win32_1.5.0.202011040924/tools/bin/../lib/gcc/arm-none-eabi/9.3.1/../../../../arm-none-eabi/lib/thumb/v7e-m+fp/hard\libc_nano.a(lib_a-malloc.o)
                0x000000000800e11c                malloc
 .text._free_r  0x000000000800e12c       0xa0 c:/st/stm32cubeide_1.6.1/stm32cubeide/plugins/com.st.stm32cube.ide.mcu.externaltools.gnu-tools-for-stm32.9-2020-q2-update.win32_1.5.0.202011040924/tools/bin/../lib/gcc/arm-none-eabi/9.3.1/../../../../arm-none-eabi/lib/thumb/v7e-m+fp/hard\libc_nano.a(lib_a-nano-freer.o)
                0x000000000800e12c                _free_r
 .text._malloc_r
                0x000000000800e1cc       0xb4 c:/st/stm32cubeide_1.6.1/stm32cubeide/plugins/com.st.stm32cube.ide.mcu.externaltools.gnu-tools-for-stm32.9-2020-q2-update.win32_1.5.0.202011040924/tools/bin/../lib/gcc/arm-none-eabi/9.3.1/../../../../arm-none-eabi/lib/thumb/v7e-m+fp/hard\libc_nano.a(lib_a-nano-mallocr.o)
                0x000000000800e1cc                _malloc_r
 .text._sbrk_r  0x000000000800e280       0x20 c:/st/stm32cubeide_1.6.1/stm32cubeide/plugins/com.st.stm32cube.ide.mcu.externaltools.gnu-tools-for-stm32.9-2020-q2-update.win32_1.5.0.202011040924/tools/bin/../lib/gcc/arm-none-eabi/9.3.1/../../../../arm-none-eabi/lib/thumb/v7e-m+fp/hard\libc_nano.a(lib_a-sbrkr.o)
                0x000000000800e280                _sbrk_r
 .text.__sread  0x000000000800e2a0       0x22 c:/st/stm32cubeide_1.6.1/stm32cubeide/plugins/com.st.stm32cube.ide.mcu.externaltools.gnu-tools-for-stm32.9-2020-q2-update.win32_1.5.0.202011040924/tools/bin/../lib/gcc/arm-none-eabi/9.3.1/../../../../arm-none-eabi/lib/thumb/v7e-m+fp/hard\libc_nano.a(lib_a-stdio.o)
                0x000000000800e2a0                __sread
 .text.__swrite
                0x000000000800e2c2       0x38 c:/st/stm32cubeide_1.6.1/stm32cubeide/plugins/com.st.stm32cube.ide.mcu.externaltools.gnu-tools-for-stm32.9-2020-q2-update.win32_1.5.0.202011040924/tools/bin/../lib/gcc/arm-none-eabi/9.3.1/../../../../arm-none-eabi/lib/thumb/v7e-m+fp/hard\libc_nano.a(lib_a-stdio.o)
                0x000000000800e2c2                __swrite
 .text.__sseek  0x000000000800e2fa       0x24 c:/st/stm32cubeide_1.6.1/stm32cubeide/plugins/com.st.stm32cube.ide.mcu.externaltools.gnu-tools-for-stm32.9-2020-q2-update.win32_1.5.0.202011040924/tools/bin/../lib/gcc/arm-none-eabi/9.3.1/../../../../arm-none-eabi/lib/thumb/v7e-m+fp/hard\libc_nano.a(lib_a-stdio.o)
                0x000000000800e2fa                __sseek
 .text.__sclose
                0x000000000800e31e        0x8 c:/st/stm32cubeide_1.6.1/stm32cubeide/plugins/com.st.stm32cube.ide.mcu.externaltools.gnu-tools-for-stm32.9-2020-q2-update.win32_1.5.0.202011040924/tools/bin/../lib/gcc/arm-none-eabi/9.3.1/../../../../arm-none-eabi/lib/thumb/v7e-m+fp/hard\libc_nano.a(lib_a-stdio.o)
                0x000000000800e31e                __sclose
 *fill*         0x000000000800e326        0x2 
 .text._write_r
                0x000000000800e328       0x24 c:/st/stm32cubeide_1.6.1/stm32cubeide/plugins/com.st.stm32cube.ide.mcu.externaltools.gnu-tools-for-stm32.9-2020-q2-update.win32_1.5.0.202011040924/tools/bin/../lib/gcc/arm-none-eabi/9.3.1/../../../../arm-none-eabi/lib/thumb/v7e-m+fp/hard\libc_nano.a(lib_a-writer.o)
                0x000000000800e328                _write_r
 .text._close_r
                0x000000000800e34c       0x20 c:/st/stm32cubeide_1.6.1/stm32cubeide/plugins/com.st.stm32cube.ide.mcu.externaltools.gnu-tools-for-stm32.9-2020-q2-update.win32_1.5.0.202011040924/tools/bin/../lib/gcc/arm-none-eabi/9.3.1/../../../../arm-none-eabi/lib/thumb/v7e-m+fp/hard\libc_nano.a(lib_a-closer.o)
                0x000000000800e34c                _close_r
 .text._fstat_r
                0x000000000800e36c       0x24 c:/st/stm32cubeide_1.6.1/stm32cubeide/plugins/com.st.stm32cube.ide.mcu.externaltools.gnu-tools-for-stm32.9-2020-q2-update.win32_1.5.0.202011040924/tools/bin/../lib/gcc/arm-none-eabi/9.3.1/../../../../arm-none-eabi/lib/thumb/v7e-m+fp/hard\libc_nano.a(lib_a-fstatr.o)
                0x000000000800e36c                _fstat_r
 .text._lseek_r
                0x000000000800e390       0x24 c:/st/stm32cubeide_1.6.1/stm32cubeide/plugins/com.st.stm32cube.ide.mcu.externaltools.gnu-tools-for-stm32.9-2020-q2-update.win32_1.5.0.202011040924/tools/bin/../lib/gcc/arm-none-eabi/9.3.1/../../../../arm-none-eabi/lib/thumb/v7e-m+fp/hard\libc_nano.a(lib_a-lseekr.o)
                0x000000000800e390                _lseek_r
 .text.__malloc_lock
                0x000000000800e3b4        0xc c:/st/stm32cubeide_1.6.1/stm32cubeide/plugins/com.st.stm32cube.ide.mcu.externaltools.gnu-tools-for-stm32.9-2020-q2-update.win32_1.5.0.202011040924/tools/bin/../lib/gcc/arm-none-eabi/9.3.1/../../../../arm-none-eabi/lib/thumb/v7e-m+fp/hard\libc_nano.a(lib_a-mlock.o)
                0x000000000800e3b4                __malloc_lock
 .text.__malloc_unlock
                0x000000000800e3c0        0xc c:/st/stm32cubeide_1.6.1/stm32cubeide/plugins/com.st.stm32cube.ide.mcu.externaltools.gnu-tools-for-stm32.9-2020-q2-update.win32_1.5.0.202011040924/tools/bin/../lib/gcc/arm-none-eabi/9.3.1/../../../../arm-none-eabi/lib/thumb/v7e-m+fp/hard\libc_nano.a(lib_a-mlock.o)
                0x000000000800e3c0                __malloc_unlock
 .text._read_r  0x000000000800e3cc       0x24 c:/st/stm32cubeide_1.6.1/stm32cubeide/plugins/com.st.stm32cube.ide.mcu.externaltools.gnu-tools-for-stm32.9-2020-q2-update.win32_1.5.0.202011040924/tools/bin/../lib/gcc/arm-none-eabi/9.3.1/../../../../arm-none-eabi/lib/thumb/v7e-m+fp/hard\libc_nano.a(lib_a-readr.o)
                0x000000000800e3cc                _read_r
 *(.glue_7)
 .glue_7        0x000000000800e3f0        0x0 linker stubs
 *(.glue_7t)
 .glue_7t       0x000000000800e3f0        0x0 linker stubs
 *(.eh_frame)
 .eh_frame      0x000000000800e3f0        0x0 c:/st/stm32cubeide_1.6.1/stm32cubeide/plugins/com.st.stm32cube.ide.mcu.externaltools.gnu-tools-for-stm32.9-2020-q2-update.win32_1.5.0.202011040924/tools/bin/../lib/gcc/arm-none-eabi/9.3.1/thumb/v7e-m+fp/hard/crtbegin.o
 *(.init)
 .init          0x000000000800e3f0        0x4 c:/st/stm32cubeide_1.6.1/stm32cubeide/plugins/com.st.stm32cube.ide.mcu.externaltools.gnu-tools-for-stm32.9-2020-q2-update.win32_1.5.0.202011040924/tools/bin/../lib/gcc/arm-none-eabi/9.3.1/thumb/v7e-m+fp/hard/crti.o
                0x000000000800e3f0                _init
 .init          0x000000000800e3f4        0x8 c:/st/stm32cubeide_1.6.1/stm32cubeide/plugins/com.st.stm32cube.ide.mcu.externaltools.gnu-tools-for-stm32.9-2020-q2-update.win32_1.5.0.202011040924/tools/bin/../lib/gcc/arm-none-eabi/9.3.1/thumb/v7e-m+fp/hard/crtn.o
 *(.fini)